Feb 22 01:51:18 artifact kernel: Booting Linux on physical CPU 0x0000000000 [0x410fd083]
Feb 22 01:51:18 artifact kernel: Linux version 6.12.47+rpt-rpi-v8 (serge@raspberrypi.com) (aarch64-linux-gnu-gcc-14 (Debian 14.2.0-19) 14.2.0, GNU ld (GNU Binutils for Debian) 2.44) #1 SMP PREEMPT Debian 1:6.12.47-1+rpt1 (2025-09-16)
Feb 22 01:51:18 artifact kernel: KASLR enabled
Feb 22 01:51:18 artifact kernel: random: crng init done
Feb 22 01:51:18 artifact kernel: Machine model: Raspberry Pi 4 Model B Rev 1.5
Feb 22 01:51:18 artifact kernel: efi: UEFI not found.
Feb 22 01:51:18 artifact kernel: Reserved memory: created CMA memory pool at 0x000000000d800000, size 512 MiB
Feb 22 01:51:18 artifact kernel: OF: reserved mem: initialized node linux,cma, compatible id shared-dma-pool
Feb 22 01:51:18 artifact kernel: OF: reserved mem: 0x000000000d800000..0x000000002d7fffff (524288 KiB) map reusable linux,cma
Feb 22 01:51:18 artifact kernel: OF: reserved mem: 0x000000003ef73340..0x000000003ef73375 (0 KiB) nomap non-reusable nvram@0
Feb 22 01:51:18 artifact kernel: OF: reserved mem: 0x000000003ef73100..0x000000003ef732ff (0 KiB) nomap non-reusable nvram@1
Feb 22 01:51:18 artifact kernel: NUMA: Faking a node at [mem 0x0000000000000000-0x00000001ffffffff]
Feb 22 01:51:18 artifact kernel: Faking node 0 at [mem 0x0000000000000000-0x0000000103ffffff] (4160MB)
Feb 22 01:51:18 artifact kernel: Faking node 1 at [mem 0x0000000104000000-0x00000001ffffffff] (4032MB)
Feb 22 01:51:18 artifact kernel: NUMA: Initialized distance table, cnt=2
Feb 22 01:51:18 artifact kernel: NODE_DATA(0) allocated [mem 0x103ffd300-0x103ffffff]
Feb 22 01:51:18 artifact kernel: NODE_DATA(1) allocated [mem 0x1feff4300-0x1feff6fff]
Feb 22 01:51:18 artifact kernel: Zone ranges:
Feb 22 01:51:18 artifact kernel:   DMA      [mem 0x0000000000000000-0x000000003fffffff]
Feb 22 01:51:18 artifact kernel:   DMA32    [mem 0x0000000040000000-0x00000000ffffffff]
Feb 22 01:51:18 artifact kernel:   Normal   [mem 0x0000000100000000-0x00000001ffffffff]
Feb 22 01:51:18 artifact kernel: Movable zone start for each node
Feb 22 01:51:18 artifact kernel: Early memory node ranges
Feb 22 01:51:18 artifact kernel:   node   0: [mem 0x0000000000000000-0x000000003b3fffff]
Feb 22 01:51:18 artifact kernel:   node   0: [mem 0x0000000040000000-0x00000000fbffffff]
Feb 22 01:51:18 artifact kernel:   node   0: [mem 0x0000000100000000-0x0000000103ffffff]
Feb 22 01:51:18 artifact kernel:   node   1: [mem 0x0000000104000000-0x00000001ffffffff]
Feb 22 01:51:18 artifact kernel: Initmem setup node 0 [mem 0x0000000000000000-0x0000000103ffffff]
Feb 22 01:51:18 artifact kernel: Initmem setup node 1 [mem 0x0000000104000000-0x00000001ffffffff]
Feb 22 01:51:18 artifact kernel: On node 0, zone DMA32: 19456 pages in unavailable ranges
Feb 22 01:51:18 artifact kernel: On node 0, zone Normal: 16384 pages in unavailable ranges
Feb 22 01:51:18 artifact kernel: percpu: Embedded 33 pages/cpu s95256 r8192 d31720 u135168
Feb 22 01:51:18 artifact kernel: pcpu-alloc: s95256 r8192 d31720 u135168 alloc=33*4096
Feb 22 01:51:18 artifact kernel: pcpu-alloc: [0] 0 [0] 1 [0] 2 [0] 3 
Feb 22 01:51:18 artifact kernel: Detected PIPT I-cache on CPU0
Feb 22 01:51:18 artifact kernel: CPU features: detected: Spectre-v2
Feb 22 01:51:18 artifact kernel: CPU features: detected: Spectre-v3a
Feb 22 01:51:18 artifact kernel: CPU features: detected: Spectre-v4
Feb 22 01:51:18 artifact kernel: CPU features: detected: Spectre-BHB
Feb 22 01:51:18 artifact kernel: CPU features: kernel page table isolation forced ON by KASLR
Feb 22 01:51:18 artifact kernel: CPU features: detected: Kernel page table isolation (KPTI)
Feb 22 01:51:18 artifact kernel: CPU features: detected: ARM erratum 1742098
Feb 22 01:51:18 artifact kernel: CPU features: detected: ARM errata 1165522, 1319367, or 1530923
Feb 22 01:51:18 artifact kernel: alternatives: applying boot alternatives
Feb 22 01:51:18 artifact kernel: Kernel command line: coherent_pool=1M 8250.nr_uarts=1 snd_bcm2835.enable_headphones=0 cgroup_disable=memory numa_policy=interleave nvme.max_host_mem_size_mb=0 snd_bcm2835.enable_headphones=1 snd_bcm2835.enable_hdmi=1 snd_bcm2835.enable_hdmi=0  numa=fake=2 system_heap.max_order=0 smsc95xx.macaddr=88:A2:9E:10:CA:D3 vc_mem.mem_base=0x3ec00000 vc_mem.mem_size=0x40000000  console=tty1 root=PARTUUID=18c02fab-02 rootfstype=ext4 fsck.repair=yes rootwait video=HDMI-A-1:720x480@60 quiet splash plymouth.ignore-serial-consoles cfg80211.ieee80211_regdom=RU
Feb 22 01:51:18 artifact kernel: cgroup: Disabling memory control group subsystem
Feb 22 01:51:18 artifact kernel: mempolicy: NUMA default policy overridden to 'interleave:0-1'
Feb 22 01:51:18 artifact kernel: Unknown kernel command line parameters "splash", will be passed to user space.
Feb 22 01:51:18 artifact kernel: Fallback order for Node 0: 0 1 
Feb 22 01:51:18 artifact kernel: Fallback order for Node 1: 1 0 
Feb 22 01:51:18 artifact kernel: Built 2 zonelists, mobility grouping on.  Total pages: 2061312
Feb 22 01:51:18 artifact kernel: Policy zone: Normal
Feb 22 01:51:18 artifact kernel: mem auto-init: stack:all(zero), heap alloc:off, heap free:off
Feb 22 01:51:18 artifact kernel: software IO TLB: area num 4.
Feb 22 01:51:18 artifact kernel: software IO TLB: mapped [mem 0x0000000037400000-0x000000003b400000] (64MB)
Feb 22 01:51:18 artifact kernel: SLUB: HWalign=64, Order=0-3, MinObjects=0, CPUs=4, Nodes=2
Feb 22 01:51:18 artifact kernel: ftrace: allocating 45279 entries in 177 pages
Feb 22 01:51:18 artifact kernel: ftrace: allocated 177 pages with 4 groups
Feb 22 01:51:18 artifact kernel: rcu: Preemptible hierarchical RCU implementation.
Feb 22 01:51:18 artifact kernel: rcu:         RCU event tracing is enabled.
Feb 22 01:51:18 artifact kernel:         Trampoline variant of Tasks RCU enabled.
Feb 22 01:51:18 artifact kernel:         Rude variant of Tasks RCU enabled.
Feb 22 01:51:18 artifact kernel:         Tracing variant of Tasks RCU enabled.
Feb 22 01:51:18 artifact kernel: rcu: RCU calculated value of scheduler-enlistment delay is 25 jiffies.
Feb 22 01:51:18 artifact kernel: RCU Tasks: Setting shift to 2 and lim to 1 rcu_task_cb_adjust=1 rcu_task_cpu_ids=4.
Feb 22 01:51:18 artifact kernel: RCU Tasks Rude: Setting shift to 2 and lim to 1 rcu_task_cb_adjust=1 rcu_task_cpu_ids=4.
Feb 22 01:51:18 artifact kernel: RCU Tasks Trace: Setting shift to 2 and lim to 1 rcu_task_cb_adjust=1 rcu_task_cpu_ids=4.
Feb 22 01:51:18 artifact kernel: NR_IRQS: 64, nr_irqs: 64, preallocated irqs: 0
Feb 22 01:51:18 artifact kernel: Root IRQ handler: gic_handle_irq
Feb 22 01:51:18 artifact kernel: GIC: Using split EOI/Deactivate mode
Feb 22 01:51:18 artifact kernel: rcu: srcu_init: Setting srcu_struct sizes based on contention.
Feb 22 01:51:18 artifact kernel: arch_timer: cp15 timer(s) running at 54.00MHz (phys).
Feb 22 01:51:18 artifact kernel: clocksource: arch_sys_counter: mask: 0xffffffffffffff max_cycles: 0xc743ce346, max_idle_ns: 440795203123 ns
Feb 22 01:51:18 artifact kernel: sched_clock: 56 bits at 54MHz, resolution 18ns, wraps every 4398046511102ns
Feb 22 01:51:18 artifact kernel: Console: colour dummy device 80x25
Feb 22 01:51:18 artifact kernel: printk: legacy console [tty1] enabled
Feb 22 01:51:18 artifact kernel: Calibrating delay loop (skipped), value calculated using timer frequency.. 108.00 BogoMIPS (lpj=216000)
Feb 22 01:51:18 artifact kernel: pid_max: default: 32768 minimum: 301
Feb 22 01:51:18 artifact kernel: LSM: initializing lsm=capability
Feb 22 01:51:18 artifact kernel: Dentry cache hash table entries: 1048576 (order: 11, 8388608 bytes, vmalloc hugepage)
Feb 22 01:51:18 artifact kernel: Inode-cache hash table entries: 524288 (order: 10, 4194304 bytes, vmalloc hugepage)
Feb 22 01:51:18 artifact kernel: Mount-cache hash table entries: 16384 (order: 5, 131072 bytes, vmalloc)
Feb 22 01:51:18 artifact kernel: Mountpoint-cache hash table entries: 16384 (order: 5, 131072 bytes, vmalloc)
Feb 22 01:51:18 artifact kernel: rcu: Hierarchical SRCU implementation.
Feb 22 01:51:18 artifact kernel: rcu:         Max phase no-delay instances is 1000.
Feb 22 01:51:18 artifact kernel: Timer migration: 2 hierarchy levels; 8 children per group; 1 crossnode level
Feb 22 01:51:18 artifact kernel: EFI services will not be available.
Feb 22 01:51:18 artifact kernel: smp: Bringing up secondary CPUs ...
Feb 22 01:51:18 artifact kernel: Detected PIPT I-cache on CPU1
Feb 22 01:51:18 artifact kernel: CPU1: Booted secondary processor 0x0000000001 [0x410fd083]
Feb 22 01:51:18 artifact kernel: Detected PIPT I-cache on CPU2
Feb 22 01:51:18 artifact kernel: CPU2: Booted secondary processor 0x0000000002 [0x410fd083]
Feb 22 01:51:18 artifact kernel: Detected PIPT I-cache on CPU3
Feb 22 01:51:18 artifact kernel: CPU3: Booted secondary processor 0x0000000003 [0x410fd083]
Feb 22 01:51:18 artifact kernel: smp: Brought up 2 nodes, 4 CPUs
Feb 22 01:51:18 artifact kernel: SMP: Total of 4 processors activated.
Feb 22 01:51:18 artifact kernel: CPU: All CPU(s) started at EL2
Feb 22 01:51:18 artifact kernel: CPU features: detected: 32-bit EL0 Support
Feb 22 01:51:18 artifact kernel: CPU features: detected: 32-bit EL1 Support
Feb 22 01:51:18 artifact kernel: CPU features: detected: CRC32 instructions
Feb 22 01:51:18 artifact kernel: alternatives: applying system-wide alternatives
Feb 22 01:51:18 artifact kernel: Memory: 7441264K/8245248K available (14336K kernel code, 2406K rwdata, 4824K rodata, 2048K init, 577K bss, 260836K reserved, 524288K cma-reserved)
Feb 22 01:51:18 artifact kernel: devtmpfs: initialized
Feb 22 01:51:18 artifact kernel: Enabled cp15_barrier support
Feb 22 01:51:18 artifact kernel: Enabled setend support
Feb 22 01:51:18 artifact kernel: clocksource: jiffies: mask: 0xffffffff max_cycles: 0xffffffff, max_idle_ns: 7645041785100000 ns
Feb 22 01:51:18 artifact kernel: futex hash table entries: 1024 (order: 4, 65536 bytes, vmalloc)
Feb 22 01:51:18 artifact kernel: 2G module region forced by RANDOMIZE_MODULE_REGION_FULL
Feb 22 01:51:18 artifact kernel: 0 pages in range for non-PLT usage
Feb 22 01:51:18 artifact kernel: 518176 pages in range for PLT usage
Feb 22 01:51:18 artifact kernel: pinctrl core: initialized pinctrl subsystem
Feb 22 01:51:18 artifact kernel: DMI not present or invalid.
Feb 22 01:51:18 artifact kernel: NET: Registered PF_NETLINK/PF_ROUTE protocol family
Feb 22 01:51:18 artifact kernel: DMA: preallocated 1024 KiB GFP_KERNEL pool for atomic allocations
Feb 22 01:51:18 artifact kernel: DMA: preallocated 1024 KiB GFP_KERNEL|GFP_DMA pool for atomic allocations
Feb 22 01:51:18 artifact kernel: DMA: preallocated 1024 KiB GFP_KERNEL|GFP_DMA32 pool for atomic allocations
Feb 22 01:51:18 artifact kernel: audit: initializing netlink subsys (disabled)
Feb 22 01:51:18 artifact kernel: audit: type=2000 audit(0.024:1): state=initialized audit_enabled=0 res=1
Feb 22 01:51:18 artifact kernel: thermal_sys: Registered thermal governor 'step_wise'
Feb 22 01:51:18 artifact kernel: cpuidle: using governor menu
Feb 22 01:51:18 artifact kernel: hw-breakpoint: found 6 breakpoint and 4 watchpoint registers.
Feb 22 01:51:18 artifact kernel: ASID allocator initialised with 32768 entries
Feb 22 01:51:18 artifact kernel: Serial: AMBA PL011 UART driver
Feb 22 01:51:18 artifact kernel: /soc/csi@7e801000: Fixed dependency cycle(s) with /soc/i2c0mux/i2c@1/imx708@1a
Feb 22 01:51:18 artifact kernel: /soc/interrupt-controller@40041000: Fixed dependency cycle(s) with /soc/interrupt-controller@40041000
Feb 22 01:51:18 artifact kernel: /soc/i2c0mux/i2c@1/imx708@1a: Fixed dependency cycle(s) with /soc/csi@7e801000
Feb 22 01:51:18 artifact kernel: bcm2835-mbox fe00b880.mailbox: mailbox enabled
Feb 22 01:51:18 artifact kernel: /soc/csi@7e801000: Fixed dependency cycle(s) with /soc/i2c0mux/i2c@1/imx708@1a
Feb 22 01:51:18 artifact kernel: raspberrypi-firmware soc:firmware: Attached to firmware from 2025-08-20T17:02:31, variant start
Feb 22 01:51:18 artifact kernel: raspberrypi-firmware soc:firmware: Firmware hash is cd866525580337c0aee4b25880e1f5f9f674fb24
Feb 22 01:51:18 artifact kernel: /soc/i2c0mux/i2c@1/imx708@1a: Fixed dependency cycle(s) with /soc/csi@7e801000
Feb 22 01:51:18 artifact kernel: /scb/pcie@7d500000: Fixed dependency cycle(s) with /scb/pcie@7d500000
Feb 22 01:51:18 artifact kernel: /scb/pcie@7d500000: Fixed dependency cycle(s) with /scb/pcie@7d500000
Feb 22 01:51:18 artifact kernel: bcm2835-dma fe007000.dma-controller: DMA legacy API manager, dmachans=0x1
Feb 22 01:51:18 artifact kernel: iommu: Default domain type: Translated
Feb 22 01:51:18 artifact kernel: iommu: DMA domain TLB invalidation policy: strict mode
Feb 22 01:51:18 artifact kernel: SCSI subsystem initialized
Feb 22 01:51:18 artifact kernel: usbcore: registered new interface driver usbfs
Feb 22 01:51:18 artifact kernel: usbcore: registered new interface driver hub
Feb 22 01:51:18 artifact kernel: usbcore: registered new device driver usb
Feb 22 01:51:18 artifact kernel: pps_core: LinuxPPS API ver. 1 registered
Feb 22 01:51:18 artifact kernel: pps_core: Software ver. 5.3.6 - Copyright 2005-2007 Rodolfo Giometti <giometti@linux.it>
Feb 22 01:51:18 artifact kernel: PTP clock support registered
Feb 22 01:51:18 artifact kernel: vgaarb: loaded
Feb 22 01:51:18 artifact kernel: clocksource: Switched to clocksource arch_sys_counter
Feb 22 01:51:18 artifact kernel: VFS: Disk quotas dquot_6.6.0
Feb 22 01:51:18 artifact kernel: VFS: Dquot-cache hash table entries: 512 (order 0, 4096 bytes)
Feb 22 01:51:18 artifact kernel: NET: Registered PF_INET protocol family
Feb 22 01:51:18 artifact kernel: IP idents hash table entries: 131072 (order: 8, 1048576 bytes, vmalloc)
Feb 22 01:51:18 artifact kernel: tcp_listen_portaddr_hash hash table entries: 4096 (order: 4, 65536 bytes, vmalloc)
Feb 22 01:51:18 artifact kernel: Table-perturb hash table entries: 65536 (order: 6, 262144 bytes, vmalloc)
Feb 22 01:51:18 artifact kernel: TCP established hash table entries: 65536 (order: 7, 524288 bytes, vmalloc)
Feb 22 01:51:18 artifact kernel: TCP bind hash table entries: 65536 (order: 9, 2097152 bytes, vmalloc)
Feb 22 01:51:18 artifact kernel: TCP: Hash tables configured (established 65536 bind 65536)
Feb 22 01:51:18 artifact kernel: MPTCP token hash table entries: 8192 (order: 5, 196608 bytes, vmalloc)
Feb 22 01:51:18 artifact kernel: UDP hash table entries: 4096 (order: 5, 131072 bytes, vmalloc)
Feb 22 01:51:18 artifact kernel: UDP-Lite hash table entries: 4096 (order: 5, 131072 bytes, vmalloc)
Feb 22 01:51:18 artifact kernel: NET: Registered PF_UNIX/PF_LOCAL protocol family
Feb 22 01:51:18 artifact kernel: RPC: Registered named UNIX socket transport module.
Feb 22 01:51:18 artifact kernel: RPC: Registered udp transport module.
Feb 22 01:51:18 artifact kernel: RPC: Registered tcp transport module.
Feb 22 01:51:18 artifact kernel: RPC: Registered tcp-with-tls transport module.
Feb 22 01:51:18 artifact kernel: RPC: Registered tcp NFSv4.1 backchannel transport module.
Feb 22 01:51:18 artifact kernel: PCI: CLS 0 bytes, default 64
Feb 22 01:51:18 artifact kernel: Trying to unpack rootfs image as initramfs...
Feb 22 01:51:18 artifact kernel: kvm [1]: nv: 554 coarse grained trap handlers
Feb 22 01:51:18 artifact kernel: kvm [1]: IPA Size Limit: 44 bits
Feb 22 01:51:18 artifact kernel: kvm [1]: vgic interrupt IRQ9
Feb 22 01:51:18 artifact kernel: kvm [1]: Hyp nVHE mode initialized successfully
Feb 22 01:51:18 artifact kernel: Initialise system trusted keyrings
Feb 22 01:51:18 artifact kernel: workingset: timestamp_bits=42 max_order=21 bucket_order=0
Feb 22 01:51:18 artifact kernel: NFS: Registering the id_resolver key type
Feb 22 01:51:18 artifact kernel: Key type id_resolver registered
Feb 22 01:51:18 artifact kernel: Key type id_legacy registered
Feb 22 01:51:18 artifact kernel: nfs4filelayout_init: NFSv4 File Layout Driver Registering...
Feb 22 01:51:18 artifact kernel: nfs4flexfilelayout_init: NFSv4 Flexfile Layout Driver Registering...
Feb 22 01:51:18 artifact kernel: Key type asymmetric registered
Feb 22 01:51:18 artifact kernel: Asymmetric key parser 'x509' registered
Feb 22 01:51:18 artifact kernel: Block layer SCSI generic (bsg) driver version 0.4 loaded (major 247)
Feb 22 01:51:18 artifact kernel: io scheduler mq-deadline registered
Feb 22 01:51:18 artifact kernel: io scheduler kyber registered
Feb 22 01:51:18 artifact kernel: io scheduler bfq registered
Feb 22 01:51:18 artifact kernel: irq_brcmstb_l2: registered L2 intc (/soc/interrupt-controller@7ef00100, parent irq: 23)
Feb 22 01:51:18 artifact kernel: pinctrl-bcm2835 fe200000.gpio: GPIO_OUT persistence: yes
Feb 22 01:51:18 artifact kernel: Freeing initrd memory: 21952K
Feb 22 01:51:18 artifact kernel: ledtrig-cpu: registered to indicate activity on CPUs
Feb 22 01:51:18 artifact kernel: brcm-pcie fd500000.pcie: host bridge /scb/pcie@7d500000 ranges:
Feb 22 01:51:18 artifact kernel: brcm-pcie fd500000.pcie:   No bus range found for /scb/pcie@7d500000, using [bus 00-ff]
Feb 22 01:51:18 artifact kernel: brcm-pcie fd500000.pcie:      MEM 0x0600000000..0x063fffffff -> 0x00c0000000
Feb 22 01:51:18 artifact kernel: brcm-pcie fd500000.pcie:   IB MEM 0x0000000000..0x01ffffffff -> 0x0400000000
Feb 22 01:51:18 artifact kernel: brcm-pcie fd500000.pcie: PCI host bridge to bus 0000:00
Feb 22 01:51:18 artifact kernel: pci_bus 0000:00: root bus resource [bus 00-ff]
Feb 22 01:51:18 artifact kernel: pci_bus 0000:00: root bus resource [mem 0x600000000-0x63fffffff] (bus address [0xc0000000-0xffffffff])
Feb 22 01:51:18 artifact kernel: pci 0000:00:00.0: [14e4:2711] type 01 class 0x060400 PCIe Root Port
Feb 22 01:51:18 artifact kernel: pci 0000:00:00.0: PCI bridge to [bus 00]
Feb 22 01:51:18 artifact kernel: pci 0000:00:00.0:   bridge window [mem 0x80000000-0xbfffffff]
Feb 22 01:51:18 artifact kernel: pci 0000:00:00.0: PME# supported from D0 D3hot
Feb 22 01:51:18 artifact kernel: pci 0000:00:00.0: bridge configuration invalid ([bus 00-00]), reconfiguring
Feb 22 01:51:18 artifact kernel: pci_bus 0000:01: supply vpcie3v3 not found, using dummy regulator
Feb 22 01:51:18 artifact kernel: pci_bus 0000:01: supply vpcie3v3aux not found, using dummy regulator
Feb 22 01:51:18 artifact kernel: pci_bus 0000:01: supply vpcie12v not found, using dummy regulator
Feb 22 01:51:18 artifact kernel: brcm-pcie fd500000.pcie: clkreq-mode set to default
Feb 22 01:51:18 artifact kernel: brcm-pcie fd500000.pcie: link up, 5.0 GT/s PCIe x1 (SSC)
Feb 22 01:51:18 artifact kernel: pci 0000:01:00.0: [1106:3483] type 00 class 0x0c0330 PCIe Endpoint
Feb 22 01:51:18 artifact kernel: pci 0000:01:00.0: BAR 0 [mem 0x00000000-0x00000fff 64bit]
Feb 22 01:51:18 artifact kernel: pci 0000:01:00.0: ASPM: VL805 fixup applied
Feb 22 01:51:18 artifact kernel: pci 0000:01:00.0: PME# supported from D0 D3hot
Feb 22 01:51:18 artifact kernel: pci_bus 0000:01: busn_res: [bus 01-ff] end is updated to 01
Feb 22 01:51:18 artifact kernel: pci 0000:00:00.0: bridge window [mem 0x600000000-0x6000fffff]: assigned
Feb 22 01:51:18 artifact kernel: pci 0000:01:00.0: BAR 0 [mem 0x600000000-0x600000fff 64bit]: assigned
Feb 22 01:51:18 artifact kernel: pci 0000:00:00.0: PCI bridge to [bus 01]
Feb 22 01:51:18 artifact kernel: pci 0000:00:00.0:   bridge window [mem 0x600000000-0x6000fffff]
Feb 22 01:51:18 artifact kernel: pci_bus 0000:00: resource 4 [mem 0x600000000-0x63fffffff]
Feb 22 01:51:18 artifact kernel: pci_bus 0000:01: resource 1 [mem 0x600000000-0x6000fffff]
Feb 22 01:51:18 artifact kernel: pcieport 0000:00:00.0: enabling device (0000 -> 0002)
Feb 22 01:51:18 artifact kernel: pcieport 0000:00:00.0: PME: Signaling with IRQ 27
Feb 22 01:51:18 artifact kernel: pcieport 0000:00:00.0: AER: enabled with IRQ 27
Feb 22 01:51:18 artifact kernel: simple-framebuffer 3eaa9000.framebuffer: framebuffer at 0x3eaa9000, 0x151800 bytes
Feb 22 01:51:18 artifact kernel: simple-framebuffer 3eaa9000.framebuffer: format=a8r8g8b8, mode=720x480x32, linelength=2880
Feb 22 01:51:18 artifact kernel: Console: switching to colour frame buffer device 90x30
Feb 22 01:51:18 artifact kernel: simple-framebuffer 3eaa9000.framebuffer: fb0: simplefb registered!
Feb 22 01:51:18 artifact kernel: Serial: 8250/16550 driver, 1 ports, IRQ sharing enabled
Feb 22 01:51:18 artifact kernel: iproc-rng200 fe104000.rng: hwrng registered
Feb 22 01:51:18 artifact kernel: vc-mem: phys_addr:0x00000000 mem_base=0x3ec00000 mem_size:0x40000000(1024 MiB)
Feb 22 01:51:18 artifact kernel: brd: module loaded
Feb 22 01:51:18 artifact kernel: loop: module loaded
Feb 22 01:51:18 artifact kernel: Loading iSCSI transport class v2.0-870.
Feb 22 01:51:18 artifact kernel: bcmgenet fd580000.ethernet: GENET 5.0 EPHY: 0x0000
Feb 22 01:51:18 artifact kernel: unimac-mdio unimac-mdio.-19: Broadcom UniMAC MDIO bus
Feb 22 01:51:18 artifact kernel: usbcore: registered new interface driver lan78xx
Feb 22 01:51:18 artifact kernel: usbcore: registered new interface driver smsc95xx
Feb 22 01:51:18 artifact kernel: xhci_hcd 0000:01:00.0: xHCI Host Controller
Feb 22 01:51:18 artifact kernel: xhci_hcd 0000:01:00.0: new USB bus registered, assigned bus number 1
Feb 22 01:51:18 artifact kernel: xhci_hcd 0000:01:00.0: hcc params 0x002841eb hci version 0x100 quirks 0x0300240000000890
Feb 22 01:51:18 artifact kernel: xhci_hcd 0000:01:00.0: xHCI Host Controller
Feb 22 01:51:18 artifact kernel: xhci_hcd 0000:01:00.0: new USB bus registered, assigned bus number 2
Feb 22 01:51:18 artifact kernel: xhci_hcd 0000:01:00.0: Host supports USB 3.0 SuperSpeed
Feb 22 01:51:18 artifact kernel: usb usb1: New USB device found, idVendor=1d6b, idProduct=0002, bcdDevice= 6.12
Feb 22 01:51:18 artifact kernel: usb usb1: New USB device strings: Mfr=3, Product=2, SerialNumber=1
Feb 22 01:51:18 artifact kernel: usb usb1: Product: xHCI Host Controller
Feb 22 01:51:18 artifact kernel: usb usb1: Manufacturer: Linux 6.12.47+rpt-rpi-v8 xhci-hcd
Feb 22 01:51:18 artifact kernel: usb usb1: SerialNumber: 0000:01:00.0
Feb 22 01:51:18 artifact kernel: hub 1-0:1.0: USB hub found
Feb 22 01:51:18 artifact kernel: hub 1-0:1.0: 1 port detected
Feb 22 01:51:18 artifact kernel: usb usb2: New USB device found, idVendor=1d6b, idProduct=0003, bcdDevice= 6.12
Feb 22 01:51:18 artifact kernel: usb usb2: New USB device strings: Mfr=3, Product=2, SerialNumber=1
Feb 22 01:51:18 artifact kernel: usb usb2: Product: xHCI Host Controller
Feb 22 01:51:18 artifact kernel: usb usb2: Manufacturer: Linux 6.12.47+rpt-rpi-v8 xhci-hcd
Feb 22 01:51:18 artifact kernel: usb usb2: SerialNumber: 0000:01:00.0
Feb 22 01:51:18 artifact kernel: hub 2-0:1.0: USB hub found
Feb 22 01:51:18 artifact kernel: hub 2-0:1.0: 4 ports detected
Feb 22 01:51:18 artifact kernel: dwc_otg: version 3.00a 10-AUG-2012 (platform bus)
Feb 22 01:51:18 artifact kernel: dwc_otg: FIQ enabled
Feb 22 01:51:18 artifact kernel: dwc_otg: NAK holdoff enabled
Feb 22 01:51:18 artifact kernel: dwc_otg: FIQ split-transaction FSM enabled
Feb 22 01:51:18 artifact kernel: Module dwc_common_port init
Feb 22 01:51:18 artifact kernel: usbcore: registered new interface driver uas
Feb 22 01:51:18 artifact kernel: usbcore: registered new interface driver usb-storage
Feb 22 01:51:18 artifact kernel: mousedev: PS/2 mouse device common for all mice
Feb 22 01:51:18 artifact kernel: sdhci: Secure Digital Host Controller Interface driver
Feb 22 01:51:18 artifact kernel: sdhci: Copyright(c) Pierre Ossman
Feb 22 01:51:18 artifact kernel: sdhci-pltfm: SDHCI platform and OF driver helper
Feb 22 01:51:18 artifact kernel: hid: raw HID events driver (C) Jiri Kosina
Feb 22 01:51:18 artifact kernel: usbcore: registered new interface driver usbhid
Feb 22 01:51:18 artifact kernel: usbhid: USB HID core driver
Feb 22 01:51:18 artifact kernel: hw perfevents: enabled with armv8_cortex_a72 PMU driver, 7 (0,8000003f) counters available
Feb 22 01:51:18 artifact kernel: NET: Registered PF_PACKET protocol family
Feb 22 01:51:18 artifact kernel: Key type dns_resolver registered
Feb 22 01:51:18 artifact kernel: registered taskstats version 1
Feb 22 01:51:18 artifact kernel: Loading compiled-in X.509 certificates
Feb 22 01:51:18 artifact kernel: Demotion targets for Node 0: null
Feb 22 01:51:18 artifact kernel: Demotion targets for Node 1: null
Feb 22 01:51:18 artifact kernel: Key type .fscrypt registered
Feb 22 01:51:18 artifact kernel: Key type fscrypt-provisioning registered
Feb 22 01:51:18 artifact kernel: bcm2835-wdt bcm2835-wdt: Broadcom BCM2835 watchdog timer
Feb 22 01:51:18 artifact kernel: bcm2835-power bcm2835-power: Broadcom BCM2835 power domains driver
Feb 22 01:51:18 artifact kernel: mmc-bcm2835 fe300000.mmcnr: mmc_debug:0 mmc_debug2:0
Feb 22 01:51:18 artifact kernel: mmc-bcm2835 fe300000.mmcnr: DMA channel allocated
Feb 22 01:51:18 artifact kernel: uart-pl011 fe201000.serial: there is not valid maps for state default
Feb 22 01:51:18 artifact kernel: uart-pl011 fe201000.serial: cts_event_workaround enabled
Feb 22 01:51:18 artifact kernel: fe201000.serial: ttyAMA0 at MMIO 0xfe201000 (irq = 40, base_baud = 0) is a PL011 rev3
Feb 22 01:51:18 artifact kernel: of_cfs_init
Feb 22 01:51:18 artifact kernel: of_cfs_init: OK
Feb 22 01:51:18 artifact kernel: clk: Disabling unused clocks
Feb 22 01:51:18 artifact kernel: PM: genpd: Disabling unused power domains
Feb 22 01:51:18 artifact kernel: mmc0: SDHCI controller on fe340000.mmc [fe340000.mmc] using ADMA
Feb 22 01:51:18 artifact kernel: Freeing unused kernel memory: 2048K
Feb 22 01:51:18 artifact kernel: Run /init as init process
Feb 22 01:51:18 artifact kernel:   with arguments:
Feb 22 01:51:18 artifact kernel:     /init
Feb 22 01:51:18 artifact kernel:     splash
Feb 22 01:51:18 artifact kernel:   with environment:
Feb 22 01:51:18 artifact kernel:     HOME=/
Feb 22 01:51:18 artifact kernel:     TERM=linux
Feb 22 01:51:18 artifact kernel: mmc1: new high speed SDIO card at address 0001
Feb 22 01:51:18 artifact kernel: mmc0: new ultra high speed DDR50 SDHC card at address 0001
Feb 22 01:51:18 artifact kernel: mmcblk0: mmc0:0001 EITSD 29.1 GiB
Feb 22 01:51:18 artifact kernel:  mmcblk0: p1 p2
Feb 22 01:51:18 artifact kernel: mmcblk0: mmc0:0001 EITSD 29.1 GiB
Feb 22 01:51:18 artifact kernel: usb 1-1: new high-speed USB device number 2 using xhci_hcd
Feb 22 01:51:18 artifact kernel: usb 1-1: New USB device found, idVendor=2109, idProduct=3431, bcdDevice= 4.21
Feb 22 01:51:18 artifact kernel: usb 1-1: New USB device strings: Mfr=0, Product=1, SerialNumber=0
Feb 22 01:51:18 artifact kernel: usb 1-1: Product: USB2.0 Hub
Feb 22 01:51:18 artifact kernel: hub 1-1:1.0: USB hub found
Feb 22 01:51:18 artifact kernel: hub 1-1:1.0: 4 ports detected
Feb 22 01:51:18 artifact kernel: brcmstb-i2c fef04500.i2c:  @97500hz registered in polling mode
Feb 22 01:51:18 artifact kernel: brcmstb-i2c fef09500.i2c:  @97500hz registered in polling mode
Feb 22 01:51:18 artifact kernel: i2c i2c-22: Added multiplexed i2c bus 0
Feb 22 01:51:18 artifact kernel: /soc/csi@7e801000: Fixed dependency cycle(s) with /soc/i2c0mux/i2c@1/imx708@1a
Feb 22 01:51:18 artifact kernel: /soc/i2c0mux/i2c@1/imx708@1a: Fixed dependency cycle(s) with /soc/csi@7e801000
Feb 22 01:51:18 artifact kernel: i2c i2c-22: Added multiplexed i2c bus 10
Feb 22 01:51:18 artifact kernel: v3d fec00000.v3d: [drm] Transparent Hugepage support is recommended for optimal performance on this platform!
Feb 22 01:51:18 artifact kernel: [drm] Initialized v3d 1.0.0 for fec00000.v3d on minor 0
Feb 22 01:51:18 artifact kernel: Console: switching to colour dummy device 80x25
Feb 22 01:51:18 artifact kernel: vc4-drm gpu: bound fe400000.hvs (ops vc4_hvs_ops [vc4])
Feb 22 01:51:18 artifact kernel: Registered IR keymap rc-cec
Feb 22 01:51:18 artifact kernel: rc rc0: vc4-hdmi-0 as /devices/platform/soc/fef00700.hdmi/rc/rc0
Feb 22 01:51:18 artifact kernel: input: vc4-hdmi-0 as /devices/platform/soc/fef00700.hdmi/rc/rc0/input0
Feb 22 01:51:18 artifact kernel: input: vc4-hdmi-0 HDMI Jack as /devices/platform/soc/fef00700.hdmi/sound/card0/input1
Feb 22 01:51:18 artifact kernel: vc4-drm gpu: bound fef00700.hdmi (ops vc4_hdmi_ops [vc4])
Feb 22 01:51:18 artifact kernel: Registered IR keymap rc-cec
Feb 22 01:51:18 artifact kernel: rc rc1: vc4-hdmi-1 as /devices/platform/soc/fef05700.hdmi/rc/rc1
Feb 22 01:51:18 artifact kernel: input: vc4-hdmi-1 as /devices/platform/soc/fef05700.hdmi/rc/rc1/input2
Feb 22 01:51:18 artifact kernel: input: vc4-hdmi-1 HDMI Jack as /devices/platform/soc/fef05700.hdmi/sound/card1/input3
Feb 22 01:51:18 artifact kernel: vc4-drm gpu: bound fef05700.hdmi (ops vc4_hdmi_ops [vc4])
Feb 22 01:51:18 artifact kernel: vc4-drm gpu: bound fe004000.txp (ops vc4_txp_ops [vc4])
Feb 22 01:51:18 artifact kernel: vc4-drm gpu: bound fe206000.pixelvalve (ops vc4_crtc_ops [vc4])
Feb 22 01:51:18 artifact kernel: vc4-drm gpu: bound fe207000.pixelvalve (ops vc4_crtc_ops [vc4])
Feb 22 01:51:18 artifact kernel: vc4-drm gpu: bound fe20a000.pixelvalve (ops vc4_crtc_ops [vc4])
Feb 22 01:51:18 artifact kernel: vc4-drm gpu: bound fe216000.pixelvalve (ops vc4_crtc_ops [vc4])
Feb 22 01:51:18 artifact kernel: vc4-drm gpu: bound fec12000.pixelvalve (ops vc4_crtc_ops [vc4])
Feb 22 01:51:18 artifact kernel: [drm] Initialized vc4 0.0.0 for gpu on minor 1
Feb 22 01:51:18 artifact kernel: Console: switching to colour frame buffer device 90x30
Feb 22 01:51:18 artifact kernel: vc4-drm gpu: [drm] fb0: vc4drmfb frame buffer device
Feb 22 01:51:18 artifact kernel: usb 1-1.1: new full-speed USB device number 3 using xhci_hcd
Feb 22 01:51:18 artifact kernel: usb 1-1.1: New USB device found, idVendor=8088, idProduct=0015, bcdDevice= 0.00
Feb 22 01:51:18 artifact kernel: usb 1-1.1: New USB device strings: Mfr=1, Product=2, SerialNumber=3
Feb 22 01:51:18 artifact kernel: usb 1-1.1: Product: LinTx Keyboard
Feb 22 01:51:18 artifact kernel: usb 1-1.1: Manufacturer: LinTx
Feb 22 01:51:18 artifact kernel: usb 1-1.1: SerialNumber: BEC1C7A5
Feb 22 01:51:18 artifact kernel: hid-generic 0003:8088:0015.0001: hiddev96,hidraw0: USB HID v2.00 Device [LinTx LinTx Keyboard] on usb-0000:01:00.0-1.1/input0
Feb 22 01:51:18 artifact kernel: input: LinTx LinTx Keyboard as /devices/platform/scb/fd500000.pcie/pci0000:00/0000:00:00.0/0000:01:00.0/usb1/1-1/1-1.1/1-1.1:1.1/0003:8088:0015.0002/input/input4
Feb 22 01:51:18 artifact kernel: input: LinTx LinTx Keyboard Mouse as /devices/platform/scb/fd500000.pcie/pci0000:00/0000:00:00.0/0000:01:00.0/usb1/1-1/1-1.1/1-1.1:1.1/0003:8088:0015.0002/input/input5
Feb 22 01:51:18 artifact kernel: hid-generic 0003:8088:0015.0002: input,hidraw1: USB HID v2.00 Keyboard [LinTx LinTx Keyboard] on usb-0000:01:00.0-1.1/input1
Feb 22 01:51:18 artifact kernel: usb 1-1.4: new low-speed USB device number 4 using xhci_hcd
Feb 22 01:51:18 artifact kernel: usb 1-1.4: New USB device found, idVendor=13ba, idProduct=0001, bcdDevice= 1.00
Feb 22 01:51:18 artifact kernel: usb 1-1.4: New USB device strings: Mfr=0, Product=0, SerialNumber=0
Feb 22 01:51:18 artifact kernel: input: HID 13ba:0001 as /devices/platform/scb/fd500000.pcie/pci0000:00/0000:00:00.0/0000:01:00.0/usb1/1-1/1-1.4/1-1.4:1.0/0003:13BA:0001.0003/input/input6
Feb 22 01:51:18 artifact kernel: hid-generic 0003:13BA:0001.0003: input,hidraw2: USB HID v1.10 Keyboard [HID 13ba:0001] on usb-0000:01:00.0-1.4/input0
Feb 22 01:51:18 artifact kernel: EXT4-fs (mmcblk0p2): orphan cleanup on readonly fs
Feb 22 01:51:18 artifact kernel: EXT4-fs (mmcblk0p2): mounted filesystem d6944274-f2f7-4644-96a4-213c3b367f5c ro with ordered data mode. Quota mode: none.
Feb 22 01:51:18 artifact systemd[1]: System time advanced to timestamp on /var/lib/systemd/timesync/clock: Sun 2026-02-22 01:51:16 MSK
Feb 22 01:51:18 artifact kernel: NET: Registered PF_INET6 protocol family
Feb 22 01:51:18 artifact kernel: Segment Routing with IPv6
Feb 22 01:51:18 artifact kernel: In-situ OAM (IOAM) with IPv6
Feb 22 01:51:18 artifact systemd[1]: systemd 257.9-1~deb13u1 running in system mode (+PAM +AUDIT +SELINUX +APPARMOR +IMA +IPE +SMACK +SECCOMP +GCRYPT -GNUTLS +OPENSSL +ACL +BLKID +CURL +ELFUTILS +FIDO2 +IDN2 -IDN +IPTC +KMOD +LIBCRYPTSETUP +LIBCRYPTSETUP_PLUGINS +LIBFDISK +PCRE2 +PWQUALITY +P11KIT +QRENCODE +TPM2 +BZIP2 +LZ4 +XZ +ZLIB +ZSTD +BPF_FRAMEWORK +BTF -XKBCOMMON -UTMP +SYSVINIT +LIBARCHIVE)
Feb 22 01:51:18 artifact systemd[1]: Detected architecture arm64.
Feb 22 01:51:18 artifact systemd[1]: Hostname set to <artifact>.
Feb 22 01:51:18 artifact systemd[1]: bpf-restrict-fs: BPF LSM hook not enabled in the kernel, BPF LSM not supported.
Feb 22 01:51:18 artifact systemd[1]: Using hardware watchdog 'Broadcom BCM2835 Watchdog timer', version 0, device /dev/watchdog0
Feb 22 01:51:18 artifact systemd[1]: Watchdog running with a hardware timeout of 1min.
Feb 22 01:51:18 artifact zram_generator::config[249]: zram0: system has too much memory (7820MB), limit is 0MB, ignoring.
Feb 22 01:51:18 artifact systemd[1]: multi-user.target: Found ordering cycle on arcade-bot.service/start
Feb 22 01:51:18 artifact systemd[1]: multi-user.target: Found dependency on artifact.service/start
Feb 22 01:51:18 artifact systemd[1]: multi-user.target: Found dependency on multi-user.target/start
Feb 22 01:51:18 artifact systemd[1]: multi-user.target: Job arcade-bot.service/start deleted to break ordering cycle starting with multi-user.target/start
Feb 22 01:51:18 artifact systemd[1]: Queued start job for default target multi-user.target.
Feb 22 01:51:18 artifact systemd[1]: Created slice system-modprobe.slice - Slice /system/modprobe.
Feb 22 01:51:18 artifact systemd[1]: Created slice system-rpi\x2dsetup\x2dloop.slice - Slice /system/rpi-setup-loop.
Feb 22 01:51:18 artifact systemd[1]: Created slice system-systemd\x2dfsck.slice - Slice /system/systemd-fsck.
Feb 22 01:51:18 artifact systemd[1]: Created slice system-systemd\x2dzram\x2dsetup.slice - Slice /system/systemd-zram-setup.
Feb 22 01:51:18 artifact systemd[1]: Created slice user.slice - User and Session Slice.
Feb 22 01:51:18 artifact systemd[1]: Started systemd-ask-password-wall.path - Forward Password Requests to Wall Directory Watch.
Feb 22 01:51:18 artifact systemd[1]: Set up automount proc-sys-fs-binfmt_misc.automount - Arbitrary Executable File Formats File System Automount Point.
Feb 22 01:51:18 artifact systemd[1]: Expecting device dev-disk-by\x2dpartuuid-18c02fab\x2d01.device - /dev/disk/by-partuuid/18c02fab-01...
Feb 22 01:51:18 artifact systemd[1]: Expecting device dev-zram0.device - /dev/zram0...
Feb 22 01:51:18 artifact systemd[1]: Reached target slices.target - Slice Units.
Feb 22 01:51:18 artifact systemd[1]: Listening on rpcbind.socket - RPCbind Server Activation Socket.
Feb 22 01:51:18 artifact systemd[1]: Listening on systemd-creds.socket - Credential Encryption/Decryption.
Feb 22 01:51:18 artifact systemd[1]: Listening on systemd-initctl.socket - initctl Compatibility Named Pipe.
Feb 22 01:51:18 artifact systemd[1]: Listening on systemd-journald-dev-log.socket - Journal Socket (/dev/log).
Feb 22 01:51:18 artifact systemd[1]: Listening on systemd-journald.socket - Journal Sockets.
Feb 22 01:51:18 artifact systemd[1]: systemd-pcrextend.socket - TPM PCR Measurements was skipped because of an unmet condition check (ConditionSecurity=measured-uki).
Feb 22 01:51:18 artifact systemd[1]: systemd-pcrlock.socket - Make TPM PCR Policy was skipped because of an unmet condition check (ConditionSecurity=measured-uki).
Feb 22 01:51:18 artifact systemd[1]: Listening on systemd-udevd-control.socket - udev Control Socket.
Feb 22 01:51:18 artifact systemd[1]: Listening on systemd-udevd-kernel.socket - udev Kernel Socket.
Feb 22 01:51:18 artifact systemd[1]: dev-hugepages.mount - Huge Pages File System was skipped because of an unmet condition check (ConditionPathExists=/sys/kernel/mm/hugepages).
Feb 22 01:51:18 artifact systemd[1]: Mounting dev-mqueue.mount - POSIX Message Queue File System...
Feb 22 01:51:18 artifact systemd[1]: Mounting run-lock.mount - Legacy Locks Directory /run/lock...
Feb 22 01:51:18 artifact systemd[1]: Mounting sys-kernel-debug.mount - Kernel Debug File System...
Feb 22 01:51:18 artifact systemd[1]: Mounting sys-kernel-tracing.mount - Kernel Trace File System...
Feb 22 01:51:18 artifact systemd[1]: auth-rpcgss-module.service - Kernel Module supporting RPCSEC_GSS was skipped because of an unmet condition check (ConditionPathExists=/etc/krb5.keytab).
Feb 22 01:51:18 artifact systemd[1]: Starting keyboard-setup.service - Set the console keyboard layout...
Feb 22 01:51:18 artifact systemd[1]: Starting kmod-static-nodes.service - Create List of Static Device Nodes...
Feb 22 01:51:18 artifact systemd[1]: Starting modprobe@configfs.service - Load Kernel Module configfs...
Feb 22 01:51:18 artifact systemd[1]: Starting modprobe@drm.service - Load Kernel Module drm...
Feb 22 01:51:18 artifact systemd[1]: Starting modprobe@efi_pstore.service - Load Kernel Module efi_pstore...
Feb 22 01:51:18 artifact systemd[1]: Starting modprobe@fuse.service - Load Kernel Module fuse...
Feb 22 01:51:18 artifact systemd[1]: systemd-fsck-root.service - File System Check on Root Device was skipped because of an unmet condition check (ConditionPathExists=!/run/initramfs/fsck-root).
Feb 22 01:51:18 artifact systemd[1]: systemd-hibernate-clear.service - Clear Stale Hibernate Storage Info was skipped because of an unmet condition check (ConditionPathExists=/sys/firmware/efi/efivars/HibernateLocation-8cf2644b-4b0b-428f-9387-6d876050dc67).
Feb 22 01:51:18 artifact systemd[1]: Starting systemd-journald.service - Journal Service...
Feb 22 01:51:18 artifact systemd[1]: Starting systemd-modules-load.service - Load Kernel Modules...
Feb 22 01:51:18 artifact systemd[1]: systemd-pcrmachine.service - TPM PCR Machine ID Measurement was skipped because of an unmet condition check (ConditionSecurity=measured-uki).
Feb 22 01:51:18 artifact systemd[1]: Starting systemd-remount-fs.service - Remount Root and Kernel File Systems...
Feb 22 01:51:18 artifact systemd[1]: systemd-tpm2-setup-early.service - Early TPM SRK Setup was skipped because of an unmet condition check (ConditionSecurity=measured-uki).
Feb 22 01:51:18 artifact systemd[1]: Starting systemd-udev-load-credentials.service - Load udev Rules from Credentials...
Feb 22 01:51:18 artifact systemd[1]: Starting systemd-udev-trigger.service - Coldplug All udev Devices...
Feb 22 01:51:18 artifact systemd[1]: Mounted dev-mqueue.mount - POSIX Message Queue File System.
Feb 22 01:51:18 artifact systemd[1]: Mounted run-lock.mount - Legacy Locks Directory /run/lock.
Feb 22 01:51:18 artifact systemd[1]: Mounted sys-kernel-debug.mount - Kernel Debug File System.
Feb 22 01:51:18 artifact systemd[1]: Mounted sys-kernel-tracing.mount - Kernel Trace File System.
Feb 22 01:51:18 artifact systemd[1]: Finished kmod-static-nodes.service - Create List of Static Device Nodes.
Feb 22 01:51:18 artifact systemd[1]: modprobe@configfs.service: Deactivated successfully.
Feb 22 01:51:18 artifact systemd[1]: Finished modprobe@configfs.service - Load Kernel Module configfs.
Feb 22 01:51:18 artifact systemd[1]: modprobe@drm.service: Deactivated successfully.
Feb 22 01:51:18 artifact systemd[1]: Finished modprobe@drm.service - Load Kernel Module drm.
Feb 22 01:51:18 artifact systemd[1]: modprobe@efi_pstore.service: Deactivated successfully.
Feb 22 01:51:18 artifact systemd[1]: Finished modprobe@efi_pstore.service - Load Kernel Module efi_pstore.
Feb 22 01:51:18 artifact kernel: fuse: init (API version 7.41)
Feb 22 01:51:18 artifact systemd[1]: Mounting sys-kernel-config.mount - Kernel Configuration File System...
Feb 22 01:51:18 artifact systemd[1]: Starting systemd-tmpfiles-setup-dev-early.service - Create Static Device Nodes in /dev gracefully...
Feb 22 01:51:18 artifact systemd[1]: modprobe@fuse.service: Deactivated successfully.
Feb 22 01:51:18 artifact systemd[1]: Finished modprobe@fuse.service - Load Kernel Module fuse.
Feb 22 01:51:18 artifact systemd[1]: Mounting sys-fs-fuse-connections.mount - FUSE Control File System...
Feb 22 01:51:18 artifact systemd[1]: Mounted sys-kernel-config.mount - Kernel Configuration File System.
Feb 22 01:51:18 artifact kernel: EXT4-fs (mmcblk0p2): re-mounted d6944274-f2f7-4644-96a4-213c3b367f5c r/w.
Feb 22 01:51:18 artifact systemd[1]: Finished systemd-remount-fs.service - Remount Root and Kernel File Systems.
Feb 22 01:51:18 artifact systemd[1]: Starting cloud-init-main.service - Cloud-init: Single Process...
Feb 22 01:51:18 artifact systemd[1]: regenerate_ssh_host_keys.service - Regenerate SSH host keys was skipped because of an unmet condition check (ConditionFirstBoot=yes).
Feb 22 01:51:18 artifact systemd[1]: Starting rpi-resize-swap-file.service - rpi-resize-var-swap-service - resize swapfile...
Feb 22 01:51:18 artifact systemd[1]: systemd-hwdb-update.service - Rebuild Hardware Database was skipped because of an unmet condition check (ConditionNeedsUpdate=/etc).
Feb 22 01:51:18 artifact systemd[1]: systemd-pstore.service - Platform Persistent Storage Archival was skipped because of an unmet condition check (ConditionDirectoryNotEmpty=/sys/fs/pstore).
Feb 22 01:51:18 artifact systemd[1]: Starting systemd-random-seed.service - Load/Save OS Random Seed...
Feb 22 01:51:18 artifact systemd[1]: systemd-tpm2-setup.service - TPM SRK Setup was skipped because of an unmet condition check (ConditionSecurity=measured-uki).
Feb 22 01:51:18 artifact systemd-journald[330]: Collecting audit messages is disabled.
Feb 22 01:51:18 artifact kernel: zram: Added device: zram0
Feb 22 01:51:18 artifact systemd[1]: Finished systemd-udev-load-credentials.service - Load udev Rules from Credentials.
Feb 22 01:51:18 artifact systemd[1]: Mounted sys-fs-fuse-connections.mount - FUSE Control File System.
Feb 22 01:51:18 artifact kernel: i2c_dev: i2c /dev entries driver
Feb 22 01:51:18 artifact systemd[1]: Finished systemd-modules-load.service - Load Kernel Modules.
Feb 22 01:51:18 artifact systemd[1]: Starting systemd-sysctl.service - Apply Kernel Variables...
Feb 22 01:51:18 artifact systemd[1]: Finished keyboard-setup.service - Set the console keyboard layout.
Feb 22 01:51:18 artifact systemd[1]: Finished systemd-random-seed.service - Load/Save OS Random Seed.
Feb 22 01:51:18 artifact systemd-journald[330]: Journal started
Feb 22 01:51:18 artifact systemd-journald[330]: Runtime Journal (/run/log/journal/a4af3dfdbc8c463a9a14706fec49a844) is 8M, max 156.4M, 148.4M free.
Feb 22 01:51:18 artifact systemd-modules-load[335]: Inserted module 'zram'
Feb 22 01:51:18 artifact systemd-modules-load[335]: Module 'snd_bcm2835' is deny-listed (by kmod)
Feb 22 01:51:18 artifact systemd-modules-load[335]: Inserted module 'i2c_dev'
Feb 22 01:51:18 artifact systemd[1]: Started systemd-journald.service - Journal Service.
Feb 22 01:51:18 artifact systemd[1]: Finished systemd-tmpfiles-setup-dev-early.service - Create Static Device Nodes in /dev gracefully.
Feb 22 01:51:18 artifact systemd-sysctl[361]: Couldn't write '1' to 'kernel/unprivileged_userns_clone', ignoring: No such file or directory
Feb 22 01:51:18 artifact systemd[1]: Starting systemd-journal-flush.service - Flush Journal to Persistent Storage...
Feb 22 01:51:18 artifact systemd[1]: systemd-sysusers.service - Create System Users was skipped because no trigger condition checks were met.
Feb 22 01:51:18 artifact systemd[1]: Starting systemd-timesyncd.service - Network Time Synchronization...
Feb 22 01:51:18 artifact systemd[1]: Starting systemd-tmpfiles-setup-dev.service - Create Static Device Nodes in /dev...
Feb 22 01:51:18 artifact systemd[1]: Finished systemd-sysctl.service - Apply Kernel Variables.
Feb 22 01:51:18 artifact rpi-resize-swap-file[402]: swaplabel: no device specified
Feb 22 01:51:18 artifact rpi-resize-swap-file[402]: Try 'swaplabel --help' for more information.
Feb 22 01:51:18 artifact systemd[1]: Finished systemd-udev-trigger.service - Coldplug All udev Devices.
Feb 22 01:51:18 artifact systemd-journald[330]: Runtime Journal (/run/log/journal/a4af3dfdbc8c463a9a14706fec49a844) is 8M, max 156.4M, 148.4M free.
Feb 22 01:51:18 artifact systemd-journald[330]: Received client request to flush runtime journal.
Feb 22 01:51:18 artifact rpi-resize-swap-file[405]: mkswap: /var/swap: warning: wiping old swap signature.
Feb 22 01:51:18 artifact systemd[1]: Finished systemd-tmpfiles-setup-dev.service - Create Static Device Nodes in /dev.
Feb 22 01:51:18 artifact systemd[1]: Finished systemd-journal-flush.service - Flush Journal to Persistent Storage.
Feb 22 01:51:18 artifact systemd[1]: Reached target local-fs-pre.target - Preparation for Local File Systems.
Feb 22 01:51:18 artifact systemd[1]: Starting systemd-udevd.service - Rule-based Manager for Device Events and Files...
Feb 22 01:51:18 artifact rpi-resize-swap-file[405]: Setting up swapspace version 1, size = 2 GiB (2147479552 bytes)
Feb 22 01:51:18 artifact rpi-resize-swap-file[405]: no label, UUID=00000000-0000-0000-0000-000000000000
Feb 22 01:51:18 artifact systemd[1]: rpi-resize-swap-file.service: Deactivated successfully.
Feb 22 01:51:18 artifact systemd[1]: Finished rpi-resize-swap-file.service - rpi-resize-var-swap-service - resize swapfile.
Feb 22 01:51:18 artifact systemd[1]: Starting rpi-setup-loop@var-swap.service - rpi-setup-loop - set up file on loop device...
Feb 22 01:51:18 artifact kernel: loop0: detected capacity change from 0 to 4194304
Feb 22 01:51:18 artifact systemd[1]: Started systemd-timesyncd.service - Network Time Synchronization.
Feb 22 01:51:18 artifact systemd[1]: Reached target time-set.target - System Time Set.
Feb 22 01:51:18 artifact systemd-udevd[410]: Using default interface naming scheme 'v257'.
Feb 22 01:51:19 artifact systemd[1]: Finished rpi-setup-loop@var-swap.service - rpi-setup-loop - set up file on loop device.
Feb 22 01:51:19 artifact systemd-udevd[410]: /usr/lib/udev/rules.d/90-alsa-restore.rules:18 GOTO="alsa_restore_std" has no matching label, ignoring.
Feb 22 01:51:19 artifact systemd-udevd[410]: /usr/lib/udev/rules.d/90-alsa-restore.rules:18 The line has no effect any more, dropping.
Feb 22 01:51:19 artifact systemd-udevd[410]: /usr/lib/udev/rules.d/90-alsa-restore.rules:22 GOTO="alsa_restore_std" has no matching label, ignoring.
Feb 22 01:51:19 artifact systemd-udevd[410]: /usr/lib/udev/rules.d/90-alsa-restore.rules:22 The line has no effect any more, dropping.
Feb 22 01:51:19 artifact systemd[1]: Started systemd-udevd.service - Rule-based Manager for Device Events and Files.
Feb 22 01:51:19 artifact systemd[1]: Starting plymouth-start.service - Show Plymouth Boot Screen...
Feb 22 01:51:19 artifact systemd[1]: Found device dev-zram0.device - /dev/zram0.
Feb 22 01:51:19 artifact systemd[1]: Starting systemd-zram-setup@zram0.service - Create swap on /dev/zram0...
Feb 22 01:51:19 artifact kernel: zram: setup backing device /dev/disk/by-backingfile/var-swap
Feb 22 01:51:19 artifact kernel: zram0: detected capacity change from 0 to 4194304
Feb 22 01:51:19 artifact systemd-makefs[455]: /dev/zram0 successfully formatted as swap (label "zram0", uuid 4dc5846f-3def-43ed-957a-c84ad75040e1)
Feb 22 01:51:19 artifact systemd[1]: Started plymouth-start.service - Show Plymouth Boot Screen.
Feb 22 01:51:19 artifact systemd[1]: systemd-ask-password-console.path - Dispatch Password Requests to Console Directory Watch was skipped because of an unmet condition check (ConditionPathExists=!/run/plymouth/pid).
Feb 22 01:51:19 artifact systemd[1]: Started systemd-ask-password-plymouth.path - Forward Password Requests to Plymouth Directory Watch.
Feb 22 01:51:19 artifact systemd[1]: Finished systemd-zram-setup@zram0.service - Create swap on /dev/zram0.
Feb 22 01:51:19 artifact systemd[1]: Activating swap dev-zram0.swap - rpi-swap managed swap device (zram+file)...
Feb 22 01:51:19 artifact kernel: Adding 2097148k swap on /dev/zram0.  Priority:100 extents:1 across:2097148k SS
Feb 22 01:51:19 artifact systemd[1]: Activated swap dev-zram0.swap - rpi-swap managed swap device (zram+file).
Feb 22 01:51:19 artifact systemd[1]: Reached target swap.target - Swaps.
Feb 22 01:51:19 artifact systemd[1]: Mounting tmp.mount - Temporary Directory /tmp...
Feb 22 01:51:19 artifact systemd[1]: Mounted tmp.mount - Temporary Directory /tmp.
Feb 22 01:51:19 artifact kernel: rpi-gpiomem fe200000.gpiomem: window base 0xfe200000 size 0x00001000
Feb 22 01:51:19 artifact kernel: rpi-gpiomem fe200000.gpiomem: initialised 1 regions as /dev/gpiomem
Feb 22 01:51:19 artifact systemd[1]: Found device dev-disk-by\x2dpartuuid-18c02fab\x2d01.device - /dev/disk/by-partuuid/18c02fab-01.
Feb 22 01:51:19 artifact kernel: mc: Linux media interface: v0.10
Feb 22 01:51:19 artifact systemd[1]: Starting systemd-fsck@dev-disk-by\x2dpartuuid-18c02fab\x2d01.service - File System Check on /dev/disk/by-partuuid/18c02fab-01...
Feb 22 01:51:19 artifact kernel: videodev: Linux video capture interface: v2.00
Feb 22 01:51:19 artifact mtp-probe[494]: checking bus 1, device 4: "/sys/devices/platform/scb/fd500000.pcie/pci0000:00/0000:00:00.0/0000:01:00.0/usb1/1-1/1-1.4"
Feb 22 01:51:19 artifact mtp-probe[493]: checking bus 1, device 3: "/sys/devices/platform/scb/fd500000.pcie/pci0000:00/0000:00:00.0/0000:01:00.0/usb1/1-1/1-1.1"
Feb 22 01:51:19 artifact mtp-probe[493]: bus: 1, device: 3 was not an MTP device
Feb 22 01:51:19 artifact mtp-probe[494]: bus: 1, device: 4 was not an MTP device
Feb 22 01:51:19 artifact kernel: vc_sm_cma: module is from the staging directory, the quality is unknown, you have been warned.
Feb 22 01:51:19 artifact kernel: bcm2835_vc_sm_cma_probe: Videocore shared memory driver
Feb 22 01:51:19 artifact kernel: [vc_sm_connected_init]: start
Feb 22 01:51:19 artifact kernel: [vc_sm_connected_init]: installed successfully
Feb 22 01:51:19 artifact kernel: bcm2835_mmal_vchiq: module is from the staging directory, the quality is unknown, you have been warned.
Feb 22 01:51:19 artifact kernel: bcm2835_isp: module is from the staging directory, the quality is unknown, you have been warned.
Feb 22 01:51:19 artifact kernel: bcm2835_codec: module is from the staging directory, the quality is unknown, you have been warned.
Feb 22 01:51:19 artifact kernel: bcm2835_v4l2: module is from the staging directory, the quality is unknown, you have been warned.
Feb 22 01:51:19 artifact kernel: bcm2835-isp bcm2835-isp: Device node output[0] registered as /dev/video13
Feb 22 01:51:19 artifact kernel: bcm2835-isp bcm2835-isp: Device node capture[0] registered as /dev/video14
Feb 22 01:51:19 artifact kernel: bcm2835-isp bcm2835-isp: Device node capture[1] registered as /dev/video15
Feb 22 01:51:19 artifact kernel: bcm2835-isp bcm2835-isp: Device node stats[2] registered as /dev/video16
Feb 22 01:51:19 artifact kernel: bcm2835-isp bcm2835-isp: Register output node 0 with media controller
Feb 22 01:51:19 artifact kernel: bcm2835-isp bcm2835-isp: Register capture node 1 with media controller
Feb 22 01:51:19 artifact kernel: bcm2835-isp bcm2835-isp: Register capture node 2 with media controller
Feb 22 01:51:19 artifact kernel: bcm2835-isp bcm2835-isp: Register capture node 3 with media controller
Feb 22 01:51:20 artifact kernel: bcm2835-codec bcm2835-codec: Device registered as /dev/video10
Feb 22 01:51:20 artifact kernel: bcm2835-codec bcm2835-codec: Loaded V4L2 decode
Feb 22 01:51:20 artifact kernel: bcm2835-codec bcm2835-codec: Device registered as /dev/video11
Feb 22 01:51:20 artifact kernel: bcm2835-codec bcm2835-codec: Loaded V4L2 encode
Feb 22 01:51:20 artifact kernel: rpi-hevc-dec feb00000.codec: Device registered as /dev/video19
Feb 22 01:51:20 artifact kernel: bcm2835-isp bcm2835-isp: Device node output[0] registered as /dev/video20
Feb 22 01:51:20 artifact kernel: bcm2835-isp bcm2835-isp: Device node capture[0] registered as /dev/video21
Feb 22 01:51:20 artifact kernel: bcm2835-codec bcm2835-codec: Device registered as /dev/video12
Feb 22 01:51:20 artifact kernel: bcm2835-codec bcm2835-codec: Loaded V4L2 isp
Feb 22 01:51:20 artifact kernel: bcm2835-isp bcm2835-isp: Device node capture[1] registered as /dev/video22
Feb 22 01:51:20 artifact kernel: bcm2835-codec bcm2835-codec: Device registered as /dev/video18
Feb 22 01:51:20 artifact kernel: bcm2835-codec bcm2835-codec: Loaded V4L2 image_fx
Feb 22 01:51:20 artifact kernel: bcm2835-isp bcm2835-isp: Device node stats[2] registered as /dev/video23
Feb 22 01:51:20 artifact kernel: bcm2835-isp bcm2835-isp: Register output node 0 with media controller
Feb 22 01:51:20 artifact kernel: bcm2835-isp bcm2835-isp: Register capture node 1 with media controller
Feb 22 01:51:20 artifact kernel: bcm2835-isp bcm2835-isp: Register capture node 2 with media controller
Feb 22 01:51:20 artifact kernel: bcm2835-isp bcm2835-isp: Register capture node 3 with media controller
Feb 22 01:51:20 artifact kernel: bcm2835-isp bcm2835-isp: Loaded V4L2 bcm2835-isp
Feb 22 01:51:20 artifact kernel: bcm2835-codec bcm2835-codec: Device registered as /dev/video31
Feb 22 01:51:20 artifact kernel: bcm2835-codec bcm2835-codec: Loaded V4L2 encode_image
Feb 22 01:51:20 artifact kernel: imx708 10-001a: camera module ID 0x0302
Feb 22 01:51:20 artifact systemd-fsck[589]: fsck.fat 4.2 (2021-01-31)
Feb 22 01:51:20 artifact systemd-fsck[589]: /dev/mmcblk0p1: 518 files, 44538/261115 clusters
Feb 22 01:51:20 artifact systemd[1]: systemd-ask-password-console.path - Dispatch Password Requests to Console Directory Watch was skipped because of an unmet condition check (ConditionPathExists=!/run/plymouth/pid).
Feb 22 01:51:20 artifact systemd[1]: dev-hugepages.mount - Huge Pages File System was skipped because of an unmet condition check (ConditionPathExists=/sys/kernel/mm/hugepages).
Feb 22 01:51:20 artifact systemd[1]: Starting modprobe@efi_pstore.service - Load Kernel Module efi_pstore...
Feb 22 01:51:20 artifact systemd[1]: regenerate_ssh_host_keys.service - Regenerate SSH host keys was skipped because of an unmet condition check (ConditionFirstBoot=yes).
Feb 22 01:51:20 artifact systemd[1]: systemd-fsck-root.service - File System Check on Root Device was skipped because of an unmet condition check (ConditionPathExists=!/run/initramfs/fsck-root).
Feb 22 01:51:20 artifact systemd[1]: systemd-hibernate-clear.service - Clear Stale Hibernate Storage Info was skipped because of an unmet condition check (ConditionPathExists=/sys/firmware/efi/efivars/HibernateLocation-8cf2644b-4b0b-428f-9387-6d876050dc67).
Feb 22 01:51:20 artifact systemd[1]: systemd-hwdb-update.service - Rebuild Hardware Database was skipped because of an unmet condition check (ConditionNeedsUpdate=/etc).
Feb 22 01:51:20 artifact systemd[1]: systemd-pcrmachine.service - TPM PCR Machine ID Measurement was skipped because of an unmet condition check (ConditionSecurity=measured-uki).
Feb 22 01:51:20 artifact systemd[1]: systemd-sysusers.service - Create System Users was skipped because no trigger condition checks were met.
Feb 22 01:51:20 artifact systemd[1]: systemd-tpm2-setup-early.service - Early TPM SRK Setup was skipped because of an unmet condition check (ConditionSecurity=measured-uki).
Feb 22 01:51:20 artifact systemd[1]: systemd-tpm2-setup.service - TPM SRK Setup was skipped because of an unmet condition check (ConditionSecurity=measured-uki).
Feb 22 01:51:20 artifact systemd[1]: Finished systemd-fsck@dev-disk-by\x2dpartuuid-18c02fab\x2d01.service - File System Check on /dev/disk/by-partuuid/18c02fab-01.
Feb 22 01:51:20 artifact systemd[1]: modprobe@efi_pstore.service: Deactivated successfully.
Feb 22 01:51:20 artifact systemd[1]: Finished modprobe@efi_pstore.service - Load Kernel Module efi_pstore.
Feb 22 01:51:20 artifact kernel: cfg80211: Loading compiled-in X.509 certificates for regulatory database
Feb 22 01:51:20 artifact systemd[1]: Mounting boot-firmware.mount - /boot/firmware...
Feb 22 01:51:20 artifact systemd[1]: systemd-pstore.service - Platform Persistent Storage Archival was skipped because of an unmet condition check (ConditionDirectoryNotEmpty=/sys/fs/pstore).
Feb 22 01:51:20 artifact kernel: Loaded X.509 cert 'benh@debian.org: 577e021cb980e0e820821ba7b54b4961b8b4fadf'
Feb 22 01:51:20 artifact kernel: Loaded X.509 cert 'romain.perier@gmail.com: 3abbc6ec146e09d1b6016ab9d6cf71dd233f0328'
Feb 22 01:51:20 artifact kernel: Loaded X.509 cert 'sforshee: 00b28ddf47aef9cea7'
Feb 22 01:51:20 artifact kernel: Loaded X.509 cert 'wens: 61c038651aabdcf94bd0ac7ff06c7248db18c600'
Feb 22 01:51:20 artifact systemd[1]: Mounted boot-firmware.mount - /boot/firmware.
Feb 22 01:51:20 artifact systemd[1]: Reached target local-fs.target - Local File Systems.
Feb 22 01:51:20 artifact systemd[1]: Listening on systemd-sysext.socket - System Extension Image Management.
Feb 22 01:51:20 artifact systemd-timesyncd[386]: Network configuration changed, trying to establish connection.
Feb 22 01:51:20 artifact kernel: brcmfmac: F1 signature read @0x18000000=0x15264345
Feb 22 01:51:20 artifact systemd[1]: apparmor.service - Load AppArmor profiles was skipped because of an unmet condition check (ConditionSecurity=apparmor).
Feb 22 01:51:20 artifact systemd[1]: Starting console-setup.service - Set console font and keymap...
Feb 22 01:51:20 artifact systemd[1]: Starting plymouth-read-write.service - Tell Plymouth To Write Out Runtime Data...
Feb 22 01:51:20 artifact systemd[1]: Starting systemd-binfmt.service - Set Up Additional Binary Formats...
Feb 22 01:51:20 artifact systemd[1]: Starting systemd-tmpfiles-setup.service - Create System Files and Directories...
Feb 22 01:51:20 artifact kernel: brcmfmac: brcmf_fw_alloc_request: using brcm/brcmfmac43455-sdio for chip BCM4345/6
Feb 22 01:51:20 artifact kernel: usbcore: registered new interface driver brcmfmac
Feb 22 01:51:20 artifact systemd[1]: Listening on systemd-rfkill.socket - Load/Save RF Kill Switch Status /dev/rfkill Watch.
Feb 22 01:51:20 artifact systemd[1]: Finished console-setup.service - Set console font and keymap.
Feb 22 01:51:20 artifact systemd-tmpfiles[630]: /usr/lib/tmpfiles.d/legacy.conf:14: Duplicate line for path "/run/lock", ignoring.
Feb 22 01:51:20 artifact systemd[1]: Received SIGRTMIN+20 from PID 187 (plymouthd).
Feb 22 01:51:20 artifact systemd-timesyncd[386]: Network configuration changed, trying to establish connection.
Feb 22 01:51:20 artifact systemd[1]: Finished plymouth-read-write.service - Tell Plymouth To Write Out Runtime Data.
Feb 22 01:51:20 artifact systemd[1]: proc-sys-fs-binfmt_misc.automount: Got automount request for /proc/sys/fs/binfmt_misc, triggered by 628 (systemd-binfmt)
Feb 22 01:51:20 artifact systemd[1]: Mounting proc-sys-fs-binfmt_misc.mount - Arbitrary Executable File Formats File System...
Feb 22 01:51:20 artifact systemd-timesyncd[386]: Network configuration changed, trying to establish connection.
Feb 22 01:51:20 artifact systemd-timesyncd[386]: Network configuration changed, trying to establish connection.
Feb 22 01:51:20 artifact systemd[1]: Finished systemd-tmpfiles-setup.service - Create System Files and Directories.
Feb 22 01:51:20 artifact systemd[1]: Mounting run-rpc_pipefs.mount - RPC Pipe File System...
Feb 22 01:51:20 artifact systemd[1]: ldconfig.service - Rebuild Dynamic Linker Cache was skipped because no trigger condition checks were met.
Feb 22 01:51:20 artifact systemd[1]: Starting rpcbind.service - RPC bind portmap service...
Feb 22 01:51:20 artifact systemd[1]: systemd-firstboot.service - First Boot Wizard was skipped because of an unmet condition check (ConditionFirstBoot=yes).
Feb 22 01:51:20 artifact systemd[1]: first-boot-complete.target - First Boot Complete was skipped because of an unmet condition check (ConditionFirstBoot=yes).
Feb 22 01:51:20 artifact systemd[1]: systemd-journal-catalog-update.service - Rebuild Journal Catalog was skipped because of an unmet condition check (ConditionNeedsUpdate=/var).
Feb 22 01:51:20 artifact systemd[1]: systemd-machine-id-commit.service - Save Transient machine-id to Disk was skipped because of an unmet condition check (ConditionPathIsMountPoint=/etc/machine-id).
Feb 22 01:51:20 artifact systemd[1]: systemd-update-done.service - Update is Completed was skipped because no trigger condition checks were met.
Feb 22 01:51:20 artifact systemd[1]: Mounted proc-sys-fs-binfmt_misc.mount - Arbitrary Executable File Formats File System.
Feb 22 01:51:20 artifact systemd[1]: Finished systemd-binfmt.service - Set Up Additional Binary Formats.
Feb 22 01:51:20 artifact systemd[1]: Mounted run-rpc_pipefs.mount - RPC Pipe File System.
Feb 22 01:51:20 artifact systemd[1]: Reached target rpc_pipefs.target.
Feb 22 01:51:20 artifact systemd[1]: Starting nfs-blkmap.service - pNFS block layout mapping daemon...
Feb 22 01:51:20 artifact systemd[1]: rpc-gssd.service - RPC security service for NFS client and server was skipped because of an unmet condition check (ConditionPathExists=/etc/krb5.keytab).
Feb 22 01:51:20 artifact systemd[1]: Reached target nfs-client.target - NFS client services.
Feb 22 01:51:20 artifact kernel: brcmfmac: brcmf_c_process_txcap_blob: no txcap_blob available (err=-2)
Feb 22 01:51:20 artifact kernel: brcmfmac: brcmf_c_preinit_dcmds: Firmware: BCM4345/6 wl0: Aug 29 2023 01:47:08 version 7.45.265 (28bca26 CY) FWID 01-b677b91b
Feb 22 01:51:20 artifact kernel: ieee80211 phy0: brcmf_cfg80211_reg_notifier: Firmware rejected country setting
Feb 22 01:51:20 artifact systemd[1]: Starting systemd-rfkill.service - Load/Save RF Kill Switch Status...
Feb 22 01:51:20 artifact blkmapd[697]: open pipe file /run/rpc_pipefs/nfs/blocklayout failed: No such file or directory
Feb 22 01:51:20 artifact systemd[1]: Started nfs-blkmap.service - pNFS block layout mapping daemon.
Feb 22 01:51:20 artifact systemd[1]: Started systemd-rfkill.service - Load/Save RF Kill Switch Status.
Feb 22 01:51:20 artifact systemd[1]: Started rpcbind.service - RPC bind portmap service.
Feb 22 01:51:20 artifact systemd[1]: Reached target remote-fs-pre.target - Preparation for Remote File Systems.
Feb 22 01:51:20 artifact systemd[1]: Reached target remote-fs.target - Remote File Systems.
Feb 22 01:51:20 artifact systemd[1]: Reached target rpcbind.target - RPC Port Mapper.
Feb 22 01:51:21 artifact systemd[1]: Started cloud-init-main.service - Cloud-init: Single Process.
Feb 22 01:51:21 artifact systemd[1]: Starting cloud-init-local.service - Cloud-init: Local Stage (pre-network)...
Feb 22 01:51:21 artifact cloud-init[706]: Cloud-init v. 25.2 running 'init-local' at Sat, 21 Feb 2026 22:51:21 +0000. Up 8.30 seconds.
Feb 22 01:51:22 artifact sh[702]: Completed socket interaction for boot stage local
Feb 22 01:51:22 artifact systemd[1]: Finished cloud-init-local.service - Cloud-init: Local Stage (pre-network).
Feb 22 01:51:22 artifact systemd[1]: Reached target network-pre.target - Preparation for Network.
Feb 22 01:51:22 artifact systemd[1]: Starting cloud-init-network.service - Cloud-init: Network Stage...
Feb 22 01:51:22 artifact cloud-init[706]: Cloud-init v. 25.2 running 'init' at Sat, 21 Feb 2026 22:51:22 +0000. Up 8.72 seconds.
Feb 22 01:51:22 artifact cloud-init[706]: ci-info: +++++++++++++++++++++++++++Net device info++++++++++++++++++++++++++++
Feb 22 01:51:22 artifact cloud-init[706]: ci-info: +--------+-------+-----------+-----------+-------+-------------------+
Feb 22 01:51:22 artifact cloud-init[706]: ci-info: | Device |   Up  |  Address  |    Mask   | Scope |     Hw-Address    |
Feb 22 01:51:22 artifact cloud-init[706]: ci-info: +--------+-------+-----------+-----------+-------+-------------------+
Feb 22 01:51:22 artifact cloud-init[706]: ci-info: |  eth0  | False |     .     |     .     |   .   | 88:a2:9e:10:ca:d3 |
Feb 22 01:51:22 artifact cloud-init[706]: ci-info: |   lo   |  True | 127.0.0.1 | 255.0.0.0 |  host |         .         |
Feb 22 01:51:22 artifact cloud-init[706]: ci-info: |   lo   |  True |  ::1/128  |     .     |  host |         .         |
Feb 22 01:51:22 artifact cloud-init[706]: ci-info: | wlan0  | False |     .     |     .     |   .   | 88:a2:9e:10:ca:d4 |
Feb 22 01:51:22 artifact cloud-init[706]: ci-info: +--------+-------+-----------+-----------+-------+-------------------+
Feb 22 01:51:22 artifact cloud-init[706]: ci-info: +++++++++++++++++++Route IPv6 info+++++++++++++++++++
Feb 22 01:51:22 artifact cloud-init[706]: ci-info: +-------+-------------+---------+-----------+-------+
Feb 22 01:51:22 artifact cloud-init[706]: ci-info: | Route | Destination | Gateway | Interface | Flags |
Feb 22 01:51:22 artifact cloud-init[706]: ci-info: +-------+-------------+---------+-----------+-------+
Feb 22 01:51:22 artifact cloud-init[706]: ci-info: +-------+-------------+---------+-----------+-------+
Feb 22 01:51:22 artifact sh[717]: Completed socket interaction for boot stage network
Feb 22 01:51:22 artifact systemd[1]: Finished cloud-init-network.service - Cloud-init: Network Stage.
Feb 22 01:51:22 artifact systemd[1]: Reached target cloud-config.target - Cloud-config availability.
Feb 22 01:51:22 artifact systemd[1]: Reached target sysinit.target - System Initialization.
Feb 22 01:51:22 artifact systemd[1]: Started cups.path - CUPS Scheduler.
Feb 22 01:51:22 artifact systemd[1]: Started apt-daily.timer - Daily apt download activities.
Feb 22 01:51:22 artifact systemd[1]: Started apt-daily-upgrade.timer - Daily apt upgrade and clean activities.
Feb 22 01:51:22 artifact systemd[1]: Started artifact-update.timer - ARTIFACT Auto-Update Timer.
Feb 22 01:51:22 artifact systemd[1]: Started dpkg-db-backup.timer - Daily dpkg database backup timer.
Feb 22 01:51:22 artifact systemd[1]: Started e2scrub_all.timer - Periodic ext4 Online Metadata Check for All Filesystems.
Feb 22 01:51:22 artifact systemd[1]: Started fstrim.timer - Discard unused filesystem blocks once a week.
Feb 22 01:51:22 artifact systemd[1]: Started logrotate.timer - Daily rotation of log files.
Feb 22 01:51:22 artifact systemd[1]: Started man-db.timer - Daily man-db regeneration.
Feb 22 01:51:22 artifact systemd[1]: Started rpi-zram-writeback.timer - zram writeback timer.
Feb 22 01:51:22 artifact systemd[1]: Started systemd-tmpfiles-clean.timer - Daily Cleanup of Temporary Directories.
Feb 22 01:51:22 artifact systemd[1]: Reached target paths.target - Path Units.
Feb 22 01:51:22 artifact systemd[1]: Reached target timers.target - Timer Units.
Feb 22 01:51:22 artifact systemd[1]: Listening on avahi-daemon.socket - Avahi mDNS/DNS-SD Stack Activation Socket.
Feb 22 01:51:22 artifact systemd[1]: Listening on cloud-init-hotplugd.socket - cloud-init hotplug hook socket.
Feb 22 01:51:22 artifact systemd[1]: Listening on cups.socket - CUPS Scheduler.
Feb 22 01:51:22 artifact systemd[1]: Listening on dbus.socket - D-Bus System Message Bus Socket.
Feb 22 01:51:22 artifact systemd[1]: Listening on sshd-unix-local.socket - OpenSSH Server Socket (systemd-ssh-generator, AF_UNIX Local).
Feb 22 01:51:22 artifact systemd[1]: Listening on systemd-hostnamed.socket - Hostname Service Socket.
Feb 22 01:51:22 artifact systemd[1]: Reached target sockets.target - Socket Units.
Feb 22 01:51:22 artifact systemd[1]: systemd-pcrphase-sysinit.service - TPM PCR Barrier (Initialization) was skipped because of an unmet condition check (ConditionSecurity=measured-uki).
Feb 22 01:51:22 artifact systemd[1]: Reached target basic.target - Basic System.
Feb 22 01:51:22 artifact systemd[1]: System is tainted: unmerged-bin
Feb 22 01:51:22 artifact systemd[1]: alsa-state.service - Manage Sound Card State (restore and store) was skipped because of an unmet condition check (ConditionPathExists=/etc/alsa/state-daemon.conf).
Feb 22 01:51:22 artifact systemd[1]: Starting alsa-restore.service - Save/Restore Sound Card State...
Feb 22 01:51:22 artifact systemd[1]: Starting avahi-daemon.service - Avahi mDNS/DNS-SD Stack...
Feb 22 01:51:22 artifact systemd[1]: Started cron.service - Regular background program processing daemon.
Feb 22 01:51:22 artifact systemd[1]: Starting dbus.service - D-Bus System Message Bus...
Feb 22 01:51:22 artifact systemd[1]: Starting e2scrub_reap.service - Remove Stale Online ext4 Metadata Check Snapshots...
Feb 22 01:51:22 artifact systemd[1]: getty-static.service - getty on tty2-tty6 if dbus and logind are not available was skipped because of an unmet condition check (ConditionPathExists=!/usr/bin/dbus-daemon).
Feb 22 01:51:22 artifact systemd[1]: Reached target getty.target - Login Prompts.
Feb 22 01:51:22 artifact alsactl[722]: alsa-lib main.c:1554:(snd_use_case_mgr_open) error: failed to import hw:0 use case configuration -2
Feb 22 01:51:22 artifact alsactl[722]: alsa-lib main.c:1554:(snd_use_case_mgr_open) error: failed to import hw:1 use case configuration -2
Feb 22 01:51:22 artifact systemd[1]: Starting glamor-test.service - Check for glamor...
Feb 22 01:51:22 artifact cron[724]: (CRON) INFO (pidfile fd = 3)
Feb 22 01:51:22 artifact systemd[1]: Starting polkit.service - Authorization Manager...
Feb 22 01:51:22 artifact systemd[1]: Starting rp1-test.service - Check for RP1 displays for Xorg...
Feb 22 01:51:22 artifact systemd[1]: Starting rpi-eeprom-update.service - Check for Raspberry Pi EEPROM updates...
Feb 22 01:51:22 artifact systemd[1]: sshd-keygen.service - Generate sshd host keys on first boot was skipped because of an unmet condition check (ConditionFirstBoot=yes).
Feb 22 01:51:22 artifact systemd[1]: Starting sshswitch.service - Turn on SSH if /boot/ssh or /boot/firmware/ssh is present...
Feb 22 01:51:22 artifact cron[724]: (CRON) INFO (Running @reboot jobs)
Feb 22 01:51:22 artifact systemd[1]: Starting systemd-logind.service - User Login Management...
Feb 22 01:51:22 artifact systemd[1]: systemd-pcrphase.service - TPM PCR Barrier (User) was skipped because of an unmet condition check (ConditionSecurity=measured-uki).
Feb 22 01:51:22 artifact systemd[1]: wayvnc-generate-keys.service - WayVNC Key Generation was skipped because no trigger condition checks were met.
Feb 22 01:51:22 artifact systemd[1]: Finished alsa-restore.service - Save/Restore Sound Card State.
Feb 22 01:51:22 artifact systemd[1]: Reached target sound.target - Sound Card.
Feb 22 01:51:22 artifact avahi-daemon[723]: Found user 'avahi' (UID 101) and group 'avahi' (GID 104).
Feb 22 01:51:22 artifact avahi-daemon[723]: Successfully dropped root privileges.
Feb 22 01:51:22 artifact avahi-daemon[723]: avahi-daemon 0.8 starting up.
Feb 22 01:51:23 artifact systemd-logind[735]: New seat seat0.
Feb 22 01:51:23 artifact systemd[1]: sshswitch.service: Deactivated successfully.
Feb 22 01:51:23 artifact systemd[1]: Finished sshswitch.service - Turn on SSH if /boot/ssh or /boot/firmware/ssh is present.
Feb 22 01:51:23 artifact systemd-logind[735]: Watching system buttons on /dev/input/event4 (LinTx LinTx Keyboard)
Feb 22 01:51:23 artifact systemd-logind[735]: Watching system buttons on /dev/input/event6 (HID 13ba:0001)
Feb 22 01:51:23 artifact systemd-logind[735]: Watching system buttons on /dev/input/event0 (vc4-hdmi-0)
Feb 22 01:51:23 artifact systemd-logind[735]: Watching system buttons on /dev/input/event2 (vc4-hdmi-1)
Feb 22 01:51:23 artifact polkitd[728]: Started polkitd version 126
Feb 22 01:51:23 artifact systemd[1]: Finished glamor-test.service - Check for glamor.
Feb 22 01:51:23 artifact systemd[1]: Finished rp1-test.service - Check for RP1 displays for Xorg.
Feb 22 01:51:23 artifact CRON[733]: pam_unix(cron:session): session opened for user root(uid=0) by root(uid=0)
Feb 22 01:51:23 artifact CRON[734]: pam_unix(cron:session): session opened for user root(uid=0) by root(uid=0)
Feb 22 01:51:23 artifact CRON[821]: (root) CMD (   PATH="$PATH:/usr/sbin:/usr/local/bin/" pihole updatechecker reboot)
Feb 22 01:51:23 artifact CRON[822]: (root) CMD (/usr/sbin/logrotate --state /var/lib/logrotate/pihole /etc/pihole/logrotate)
Feb 22 01:51:23 artifact rpi-eeprom-update[730]: Skipping automatic bootloader upgrade. current 1762363706 >= min 1746717695
Feb 22 01:51:23 artifact CRON[734]: pam_unix(cron:session): session closed for user root
Feb 22 01:51:23 artifact systemd[1]: Started dbus.service - D-Bus System Message Bus.
Feb 22 01:51:23 artifact systemd[1]: Starting NetworkManager.service - Network Manager...
Feb 22 01:51:23 artifact systemd[1]: Starting wpa_supplicant.service - WPA supplicant...
Feb 22 01:51:23 artifact systemd[1]: Started avahi-daemon.service - Avahi mDNS/DNS-SD Stack.
Feb 22 01:51:23 artifact dbus-daemon[725]: [system] Successfully activated service 'org.freedesktop.systemd1'
Feb 22 01:51:23 artifact avahi-daemon[723]: Successfully called chroot().
Feb 22 01:51:23 artifact avahi-daemon[723]: Successfully dropped remaining capabilities.
Feb 22 01:51:23 artifact avahi-daemon[723]: No service file found in /etc/avahi/services.
Feb 22 01:51:23 artifact polkitd[728]: Loading rules from directory /etc/polkit-1/rules.d
Feb 22 01:51:23 artifact avahi-daemon[723]: Joining mDNS multicast group on interface lo.IPv6 with address ::1.
Feb 22 01:51:23 artifact avahi-daemon[723]: New relevant interface lo.IPv6 for mDNS.
Feb 22 01:51:23 artifact avahi-daemon[723]: Joining mDNS multicast group on interface lo.IPv4 with address 127.0.0.1.
Feb 22 01:51:23 artifact avahi-daemon[723]: New relevant interface lo.IPv4 for mDNS.
Feb 22 01:51:23 artifact avahi-daemon[723]: Network interface enumeration completed.
Feb 22 01:51:23 artifact avahi-daemon[723]: Registering new address record for ::1 on lo.*.
Feb 22 01:51:23 artifact avahi-daemon[723]: Registering new address record for 127.0.0.1 on lo.IPv4.
Feb 22 01:51:23 artifact polkitd[728]: Loading rules from directory /run/polkit-1/rules.d
Feb 22 01:51:23 artifact polkitd[728]: Error opening rules directory: Error opening directory /run/polkit-1/rules.d: No such file or directory (g-file-error-quark, 4)
Feb 22 01:51:23 artifact polkitd[728]: Loading rules from directory /usr/local/share/polkit-1/rules.d
Feb 22 01:51:23 artifact polkitd[728]: Error opening rules directory: Error opening directory /usr/local/share/polkit-1/rules.d: No such file or directory (g-file-error-quark, 4)
Feb 22 01:51:23 artifact polkitd[728]: Loading rules from directory /usr/share/polkit-1/rules.d
Feb 22 01:51:23 artifact systemd[1]: Started systemd-logind.service - User Login Management.
Feb 22 01:51:23 artifact systemd[1]: Created slice user-1000.slice - User Slice of UID 1000.
Feb 22 01:51:23 artifact systemd[1]: Starting user-runtime-dir@1000.service - User Runtime Directory /run/user/1000...
Feb 22 01:51:23 artifact polkitd[728]: Finished loading, compiling and executing 12 rules
Feb 22 01:51:23 artifact systemd[1]: Started polkit.service - Authorization Manager.
Feb 22 01:51:23 artifact polkitd[728]: Acquired the name org.freedesktop.PolicyKit1 on the system bus
Feb 22 01:51:23 artifact systemd[1]: Starting ModemManager.service - Modem Manager...
Feb 22 01:51:23 artifact systemd[1]: Finished user-runtime-dir@1000.service - User Runtime Directory /run/user/1000.
Feb 22 01:51:23 artifact rpi-eeprom-update[730]: BOOTLOADER: up to date
Feb 22 01:51:23 artifact rpi-eeprom-update[730]:    CURRENT: Wed Nov  5 05:28:26 PM UTC 2025 (1762363706)
Feb 22 01:51:23 artifact rpi-eeprom-update[730]:     LATEST: Mon Dec  8 07:23:42 PM UTC 2025 (1765221822)
Feb 22 01:51:23 artifact rpi-eeprom-update[730]:    RELEASE: default (/usr/lib/firmware/raspberrypi/bootloader-2711/default)
Feb 22 01:51:23 artifact rpi-eeprom-update[730]:             Use raspi-config to change the release.
Feb 22 01:51:23 artifact rpi-eeprom-update[730]:   VL805_FW: Using bootloader EEPROM
Feb 22 01:51:23 artifact rpi-eeprom-update[730]:      VL805: up to date
Feb 22 01:51:23 artifact rpi-eeprom-update[730]:    CURRENT: 000138c0
Feb 22 01:51:23 artifact rpi-eeprom-update[730]:     LATEST: 000138c0
Feb 22 01:51:23 artifact systemd[1]: Finished rpi-eeprom-update.service - Check for Raspberry Pi EEPROM updates.
Feb 22 01:51:23 artifact wpa_supplicant[844]: Successfully initialized wpa_supplicant
Feb 22 01:51:23 artifact systemd[1]: Started wpa_supplicant.service - WPA supplicant.
Feb 22 01:51:23 artifact ModemManager[860]: <msg> ModemManager (version 1.24.0) starting in system bus...
Feb 22 01:51:23 artifact NetworkManager[842]: <info>  [1771714283.9878] NetworkManager (version 1.52.1) is starting... (boot:f5bccc8d-5e70-43b6-8fba-5d1939dd447b)
Feb 22 01:51:23 artifact NetworkManager[842]: <info>  [1771714283.9889] Read config: /etc/NetworkManager/NetworkManager.conf, /usr/lib/NetworkManager/conf.d/{no-mac-addr-change.conf,rpi-no-scan-rand-mac-address.conf}, /run/NetworkManager/conf.d/10-globally-managed-devices.conf
Feb 22 01:51:24 artifact NetworkManager[842]: <info>  [1771714284.0363] manager[0x5593d61f50]: monitoring kernel firmware directory '/lib/firmware'.
Feb 22 01:51:24 artifact NetworkManager[842]: <info>  [1771714284.0364] monitoring ifupdown state file '/run/network/ifstate'.
Feb 22 01:51:24 artifact dbus-daemon[725]: [system] Activating via systemd: service name='org.freedesktop.hostname1' unit='dbus-org.freedesktop.hostname1.service' requested by ':1.8' (uid=0 pid=842 comm="/usr/sbin/NetworkManager --no-daemon")
Feb 22 01:51:24 artifact systemd[1]: Starting systemd-hostnamed.service - Hostname Service...
Feb 22 01:51:24 artifact systemd[1]: Started ModemManager.service - Modem Manager.
Feb 22 01:51:24 artifact systemd[1]: e2scrub_reap.service: Deactivated successfully.
Feb 22 01:51:24 artifact systemd[1]: Finished e2scrub_reap.service - Remove Stale Online ext4 Metadata Check Snapshots.
Feb 22 01:51:24 artifact systemd[1]: Started systemd-hostnamed.service - Hostname Service.
Feb 22 01:51:24 artifact dbus-daemon[725]: [system] Successfully activated service 'org.freedesktop.hostname1'
Feb 22 01:51:24 artifact NetworkManager[842]: <info>  [1771714284.1880] hostname: hostname: using hostnamed
Feb 22 01:51:24 artifact NetworkManager[842]: <info>  [1771714284.1881] hostname: static hostname changed from (none) to "artifact"
Feb 22 01:51:24 artifact NetworkManager[842]: <info>  [1771714284.1917] dns-mgr: init: dns=default,systemd-resolved rc-manager=symlink (auto)
Feb 22 01:51:24 artifact NetworkManager[842]: <info>  [1771714284.1969] rfkill0: found Wi-Fi radio killswitch (at /sys/devices/platform/soc/fe300000.mmcnr/mmc_host/mmc1/mmc1:0001/mmc1:0001:1/ieee80211/phy0/rfkill0) (driver brcmfmac)
Feb 22 01:51:24 artifact NetworkManager[842]: <info>  [1771714284.1975] manager[0x5593d61f50]: rfkill: Wi-Fi hardware radio set enabled
Feb 22 01:51:24 artifact NetworkManager[842]: <info>  [1771714284.1977] manager[0x5593d61f50]: rfkill: WWAN hardware radio set enabled
Feb 22 01:51:24 artifact NetworkManager[842]: <info>  [1771714284.2250] Loaded device plugin: NMWifiFactory (/usr/lib/aarch64-linux-gnu/NetworkManager/1.52.1/libnm-device-plugin-wifi.so)
Feb 22 01:51:24 artifact NetworkManager[842]: <info>  [1771714284.2380] Loaded device plugin: NMWwanFactory (/usr/lib/aarch64-linux-gnu/NetworkManager/1.52.1/libnm-device-plugin-wwan.so)
Feb 22 01:51:24 artifact NetworkManager[842]: <info>  [1771714284.2525] Loaded device plugin: NMBluezManager (/usr/lib/aarch64-linux-gnu/NetworkManager/1.52.1/libnm-device-plugin-bluetooth.so)
Feb 22 01:51:24 artifact NetworkManager[842]: <info>  [1771714284.2558] Loaded device plugin: NMAtmManager (/usr/lib/aarch64-linux-gnu/NetworkManager/1.52.1/libnm-device-plugin-adsl.so)
Feb 22 01:51:24 artifact NetworkManager[842]: <info>  [1771714284.2671] Loaded device plugin: NMTeamFactory (/usr/lib/aarch64-linux-gnu/NetworkManager/1.52.1/libnm-device-plugin-team.so)
Feb 22 01:51:24 artifact NetworkManager[842]: <info>  [1771714284.2678] manager: rfkill: Wi-Fi enabled by radio killswitch; enabled by state file
Feb 22 01:51:24 artifact NetworkManager[842]: <info>  [1771714284.2683] manager: rfkill: WWAN enabled by radio killswitch; enabled by state file
Feb 22 01:51:24 artifact NetworkManager[842]: <info>  [1771714284.2685] manager: Networking is enabled by state file
Feb 22 01:51:24 artifact dbus-daemon[725]: [system] Activating via systemd: service name='org.freedesktop.nm_dispatcher' unit='dbus-org.freedesktop.nm-dispatcher.service' requested by ':1.8' (uid=0 pid=842 comm="/usr/sbin/NetworkManager --no-daemon")
Feb 22 01:51:24 artifact NetworkManager[842]: <info>  [1771714284.2740] settings: Loaded settings plugin: ifupdown ("/usr/lib/aarch64-linux-gnu/NetworkManager/1.52.1/libnm-settings-plugin-ifupdown.so")
Feb 22 01:51:24 artifact NetworkManager[842]: <info>  [1771714284.2741] settings: Loaded settings plugin: keyfile (internal)
Feb 22 01:51:24 artifact NetworkManager[842]: <info>  [1771714284.2742] ifupdown: management mode: unmanaged
Feb 22 01:51:24 artifact NetworkManager[842]: <info>  [1771714284.2749] ifupdown: interfaces file /etc/network/interfaces doesn't exist
Feb 22 01:51:24 artifact systemd[1]: Starting NetworkManager-dispatcher.service - Network Manager Script Dispatcher Service...
Feb 22 01:51:24 artifact avahi-daemon[723]: Server startup complete. Host name is artifact.local. Local service cookie is 4136451938.
Feb 22 01:51:24 artifact dbus-daemon[725]: [system] Successfully activated service 'org.freedesktop.nm_dispatcher'
Feb 22 01:51:24 artifact systemd[1]: Started NetworkManager-dispatcher.service - Network Manager Script Dispatcher Service.
Feb 22 01:51:24 artifact generate[902]: Permissions for /lib/netplan/00-network-manager-all.yaml are too open. Netplan configuration should NOT be accessible by others.
Feb 22 01:51:24 artifact systemd[1]: Reload requested from client PID 905 ('systemctl') (unit NetworkManager.service)...
Feb 22 01:51:24 artifact systemd[1]: Reloading...
Feb 22 01:51:25 artifact systemd[1]: Reloading finished in 723 ms.
Feb 22 01:51:25 artifact NetworkManager[842]: <info>  [1771714285.7027] dhcp: init: Using DHCP client 'internal'
Feb 22 01:51:25 artifact NetworkManager[842]: <info>  [1771714285.7033] manager: (lo): new Loopback device (/org/freedesktop/NetworkManager/Devices/1)
Feb 22 01:51:25 artifact NetworkManager[842]: <info>  [1771714285.7089] device (lo): state change: unmanaged -> unavailable (reason 'connection-assumed', managed-type: 'external')
Feb 22 01:51:25 artifact NetworkManager[842]: <info>  [1771714285.7103] device (lo): state change: unavailable -> disconnected (reason 'connection-assumed', managed-type: 'external')
Feb 22 01:51:25 artifact NetworkManager[842]: <info>  [1771714285.7117] device (lo): Activation: starting connection 'lo' (0c45c7e0-e7b2-4cfc-8d26-2101cbd46fa3)
Feb 22 01:51:25 artifact NetworkManager[842]: <info>  [1771714285.7132] manager: (eth0): new Ethernet device (/org/freedesktop/NetworkManager/Devices/2)
Feb 22 01:51:25 artifact NetworkManager[842]: <info>  [1771714285.7156] settings: (eth0): created default wired connection 'Wired connection 1'
Feb 22 01:51:25 artifact NetworkManager[842]: <info>  [1771714285.7157] device (eth0): state change: unmanaged -> unavailable (reason 'managed', managed-type: 'external')
Feb 22 01:51:25 artifact kernel: bcmgenet fd580000.ethernet: configuring instance for external RGMII (RX delay)
Feb 22 01:51:25 artifact kernel: bcmgenet fd580000.ethernet eth0: Link is Down
Feb 22 01:51:25 artifact NetworkManager[842]: <info>  [1771714285.7261] device (wlan0): driver supports Access Point (AP) mode
Feb 22 01:51:25 artifact NetworkManager[842]: <info>  [1771714285.7287] manager: (wlan0): new 802.11 Wi-Fi device (/org/freedesktop/NetworkManager/Devices/3)
Feb 22 01:51:25 artifact NetworkManager[842]: <info>  [1771714285.7292] device (wlan0): state change: unmanaged -> unavailable (reason 'managed', managed-type: 'external')
Feb 22 01:51:25 artifact kernel: brcmfmac: brcmf_cfg80211_set_power_mgmt: power save enabled
Feb 22 01:51:25 artifact NetworkManager[842]: <info>  [1771714285.7592] failed to open /run/network/ifstate
Feb 22 01:51:25 artifact systemd[1]: Started NetworkManager.service - Network Manager.
Feb 22 01:51:25 artifact NetworkManager[842]: <info>  [1771714285.7604] bus-manager: acquired D-Bus service "org.freedesktop.NetworkManager"
Feb 22 01:51:25 artifact systemd[1]: Reached target network.target - Network.
Feb 22 01:51:25 artifact systemd[1]: Starting NetworkManager-wait-online.service - Network Manager Wait Online...
Feb 22 01:51:25 artifact systemd[1]: Started artifact-dashboard.service - ARTIFACT Remote Dashboard.
Feb 22 01:51:25 artifact systemd[1]: Starting cups.service - CUPS Scheduler...
Feb 22 01:51:25 artifact NetworkManager[842]: <info>  [1771714285.7783] device (lo): state change: disconnected -> prepare (reason 'none', managed-type: 'external')
Feb 22 01:51:25 artifact systemd[1]: Starting iptables-restore.service - Restore iptables rules...
Feb 22 01:51:25 artifact NetworkManager[842]: <info>  [1771714285.7841] device (lo): state change: prepare -> config (reason 'none', managed-type: 'external')
Feb 22 01:51:25 artifact NetworkManager[842]: <info>  [1771714285.7846] device (lo): state change: config -> ip-config (reason 'none', managed-type: 'external')
Feb 22 01:51:25 artifact NetworkManager[842]: <info>  [1771714285.7870] modem-manager: oFono is not available
Feb 22 01:51:25 artifact systemd[1]: Starting ssh.service - OpenBSD Secure Shell server...
Feb 22 01:51:25 artifact NetworkManager[842]: <info>  [1771714285.7874] device (lo): state change: ip-config -> ip-check (reason 'none', managed-type: 'external')
Feb 22 01:51:25 artifact systemd[1]: Starting systemd-user-sessions.service - Permit User Sessions...
Feb 22 01:51:25 artifact systemd[1]: Starting tailscaled.service - Tailscale node agent...
Feb 22 01:51:25 artifact systemd[1]: Starting wayvnc.service - VNC Server...
Feb 22 01:51:25 artifact NetworkManager[842]: <info>  [1771714285.8110] modem-manager: ModemManager available
Feb 22 01:51:25 artifact NetworkManager[842]: <info>  [1771714285.8186] device (lo): state change: ip-check -> secondaries (reason 'none', managed-type: 'external')
Feb 22 01:51:25 artifact NetworkManager[842]: <info>  [1771714285.8194] device (lo): state change: secondaries -> activated (reason 'none', managed-type: 'external')
Feb 22 01:51:25 artifact NetworkManager[842]: <info>  [1771714285.8215] device (lo): Activation: successful, device activated.
Feb 22 01:51:25 artifact systemd[1]: Finished systemd-user-sessions.service - Permit User Sessions.
Feb 22 01:51:25 artifact systemd[1]: Starting plymouth-quit-wait.service - Hold until boot process finishes up...
Feb 22 01:51:25 artifact systemd[1]: Starting plymouth-quit.service - Terminate Plymouth Boot Screen...
Feb 22 01:51:25 artifact systemd[1]: Starting user@1000.service - User Manager for UID 1000...
Feb 22 01:51:25 artifact systemd[1]: systemd-rfkill.service: Deactivated successfully.
Feb 22 01:51:26 artifact (systemd)[1022]: pam_unix(systemd-user:session): session opened for user kirniy(uid=1000) by kirniy(uid=0)
Feb 22 01:51:26 artifact systemd[1]: Received SIGRTMIN+21 from PID 187 (plymouthd).
Feb 22 01:51:26 artifact systemd[1]: Finished plymouth-quit-wait.service - Hold until boot process finishes up.
Feb 22 01:51:26 artifact systemd[1]: Finished plymouth-quit.service - Terminate Plymouth Boot Screen.
Feb 22 01:51:26 artifact wpa_supplicant[844]: nl80211: kernel reports: Registration to specific type not supported
Feb 22 01:51:26 artifact systemd-logind[735]: New session 3 of user kirniy.
Feb 22 01:51:26 artifact NetworkManager[842]: <info>  [1771714286.1097] device (wlan0): supplicant interface state: internal-starting -> disconnected
Feb 22 01:51:26 artifact NetworkManager[842]: <info>  [1771714286.1100] Wi-Fi P2P device controlled by interface wlan0 created
Feb 22 01:51:26 artifact NetworkManager[842]: <info>  [1771714286.1106] manager: (p2p-dev-wlan0): new 802.11 Wi-Fi P2P device (/org/freedesktop/NetworkManager/Devices/4)
Feb 22 01:51:26 artifact NetworkManager[842]: <info>  [1771714286.1136] device (p2p-dev-wlan0): state change: unmanaged -> unavailable (reason 'managed', managed-type: 'external')
Feb 22 01:51:26 artifact NetworkManager[842]: <info>  [1771714286.1148] device (wlan0): state change: unavailable -> disconnected (reason 'supplicant-available', managed-type: 'full')
Feb 22 01:51:26 artifact NetworkManager[842]: <info>  [1771714286.1169] device (p2p-dev-wlan0): state change: unavailable -> disconnected (reason 'none', managed-type: 'full')
Feb 22 01:51:26 artifact sshd[1048]: Server listening on 0.0.0.0 port 22.
Feb 22 01:51:26 artifact sshd[1048]: Server listening on :: port 22.
Feb 22 01:51:26 artifact systemd[1]: Started ssh.service - OpenBSD Secure Shell server.
Feb 22 01:51:26 artifact systemd[1]: Finished iptables-restore.service - Restore iptables rules.
Feb 22 01:51:26 artifact systemd[1]: Started cups.service - CUPS Scheduler.
Feb 22 01:51:27 artifact systemd[1022]: Queued start job for default target default.target.
Feb 22 01:51:27 artifact systemd[1022]: Created slice app.slice - User Application Slice.
Feb 22 01:51:27 artifact systemd[1022]: Created slice session.slice - User Core Session Slice.
Feb 22 01:51:27 artifact systemd[1022]: Started rpi-connect-signin.path.
Feb 22 01:51:27 artifact systemd[1022]: Reached target paths.target - Paths.
Feb 22 01:51:27 artifact systemd[1022]: Reached target timers.target - Timers.
Feb 22 01:51:27 artifact systemd[1022]: Starting dbus.socket - D-Bus User Message Bus Socket...
Feb 22 01:51:27 artifact systemd[1022]: Listening on dirmngr.socket - GnuPG network certificate management daemon.
Feb 22 01:51:27 artifact systemd[1022]: Starting gcr-ssh-agent.socket - GCR ssh-agent wrapper...
Feb 22 01:51:27 artifact systemd[1022]: Listening on gnome-keyring-daemon.socket - GNOME Keyring daemon.
Feb 22 01:51:27 artifact systemd[1022]: Listening on gpg-agent-browser.socket - GnuPG cryptographic agent and passphrase cache (access for web browsers).
Feb 22 01:51:27 artifact systemd[1022]: Listening on gpg-agent-extra.socket - GnuPG cryptographic agent and passphrase cache (restricted).
Feb 22 01:51:27 artifact systemd[1022]: Starting gpg-agent-ssh.socket - GnuPG cryptographic agent (ssh-agent emulation)...
Feb 22 01:51:27 artifact systemd[1022]: Starting gpg-agent.socket - GnuPG cryptographic agent and passphrase cache...
Feb 22 01:51:27 artifact systemd[1022]: Listening on keyboxd.socket - GnuPG public key management service.
Feb 22 01:51:27 artifact systemd[1022]: Listening on pipewire-pulse.socket - PipeWire PulseAudio.
Feb 22 01:51:27 artifact systemd[1022]: Listening on pipewire.socket - PipeWire Multimedia System Sockets.
Feb 22 01:51:27 artifact systemd[1022]: Listening on pk-debconf-helper.socket - debconf communication socket.
Feb 22 01:51:27 artifact systemd[1022]: Starting ssh-agent.socket - OpenSSH Agent socket...
Feb 22 01:51:27 artifact systemd[1022]: Listening on dbus.socket - D-Bus User Message Bus Socket.
Feb 22 01:51:27 artifact systemd[1022]: Listening on gcr-ssh-agent.socket - GCR ssh-agent wrapper.
Feb 22 01:51:27 artifact systemd[1022]: Listening on gpg-agent.socket - GnuPG cryptographic agent and passphrase cache.
Feb 22 01:51:27 artifact systemd[1022]: Listening on ssh-agent.socket - OpenSSH Agent socket.
Feb 22 01:51:27 artifact systemd[1022]: Listening on gpg-agent-ssh.socket - GnuPG cryptographic agent (ssh-agent emulation).
Feb 22 01:51:27 artifact systemd[1022]: Reached target sockets.target - Sockets.
Feb 22 01:51:27 artifact systemd[1022]: Reached target basic.target - Basic System.
Feb 22 01:51:27 artifact systemd[1]: Started user@1000.service - User Manager for UID 1000.
Feb 22 01:51:27 artifact systemd[1022]: Starting dbus.service - D-Bus User Message Bus...
Feb 22 01:51:27 artifact systemd[1022]: Started pipewire.service - PipeWire Multimedia Service.
Feb 22 01:51:27 artifact systemd[1022]: Started filter-chain.service - PipeWire filter chain daemon.
Feb 22 01:51:27 artifact systemd[1022]: Starting rpi-connect-wayvnc.service - WayVNC process used by Raspberry Pi Connect...
Feb 22 01:51:27 artifact systemd[1022]: Started rpi-connect.service - Raspberry Pi Connect.
Feb 22 01:51:27 artifact systemd[1022]: Started wireplumber.service - Multimedia Service Session Manager.
Feb 22 01:51:27 artifact systemd[1022]: Started pipewire-pulse.service - PipeWire PulseAudio.
Feb 22 01:51:27 artifact systemd[1022]: rpi-connect-wayvnc.service: Control process exited, code=exited, status=1/FAILURE
Feb 22 01:51:27 artifact systemd[1022]: rpi-connect-wayvnc.service: Failed with result 'exit-code'.
Feb 22 01:51:27 artifact systemd[1022]: Failed to start rpi-connect-wayvnc.service - WayVNC process used by Raspberry Pi Connect.
Feb 22 01:51:27 artifact tailscaled[998]: TPM: error opening: stat /dev/tpmrm0: no such file or directory
Feb 22 01:51:27 artifact systemd[1022]: Started dbus.service - D-Bus User Message Bus.
Feb 22 01:51:27 artifact pipewire-pulse[1115]: mod.rt: RTKit error: org.freedesktop.DBus.Error.ServiceUnknown
Feb 22 01:51:27 artifact pipewire-pulse[1115]: mod.rt: RTKit does not give us MaxRealtimePriority, using 1
Feb 22 01:51:27 artifact systemd[1022]: Started mpris-proxy.service - Bluetooth mpris proxy.
Feb 22 01:51:27 artifact systemd[1022]: Reached target default.target - Main User Target.
Feb 22 01:51:27 artifact systemd[1022]: Startup finished in 1.532s.
Feb 22 01:51:27 artifact pipewire-pulse[1115]: mod.rt: RTKit error: org.freedesktop.DBus.Error.ServiceUnknown
Feb 22 01:51:27 artifact pipewire-pulse[1115]: mod.rt: RTKit does not give us MinNiceLevel, using 0
Feb 22 01:51:27 artifact pipewire-pulse[1115]: mod.rt: RTKit error: org.freedesktop.DBus.Error.ServiceUnknown
Feb 22 01:51:27 artifact pipewire-pulse[1115]: mod.rt: RTKit does not give us RTTimeUSecMax, using -1
Feb 22 01:51:27 artifact pipewire[1108]: mod.rt: RTKit error: org.freedesktop.DBus.Error.ServiceUnknown
Feb 22 01:51:27 artifact pipewire[1108]: mod.rt: RTKit does not give us MaxRealtimePriority, using 1
Feb 22 01:51:27 artifact pipewire[1108]: mod.rt: RTKit error: org.freedesktop.DBus.Error.ServiceUnknown
Feb 22 01:51:27 artifact pipewire[1108]: mod.rt: RTKit does not give us MinNiceLevel, using 0
Feb 22 01:51:27 artifact python[993]:  * Serving Flask app 'dashboard'
Feb 22 01:51:27 artifact python[993]:  * Debug mode: off
Feb 22 01:51:27 artifact pipewire[1108]: mod.rt: RTKit error: org.freedesktop.DBus.Error.ServiceUnknown
Feb 22 01:51:27 artifact pipewire[1108]: mod.rt: RTKit does not give us RTTimeUSecMax, using -1
Feb 22 01:51:27 artifact wireplumber[1112]: mod.rt: RTKit error: org.freedesktop.DBus.Error.ServiceUnknown
Feb 22 01:51:27 artifact wireplumber[1112]: mod.rt: RTKit does not give us MaxRealtimePriority, using 1
Feb 22 01:51:27 artifact wireplumber[1112]: mod.rt: RTKit error: org.freedesktop.DBus.Error.ServiceUnknown
Feb 22 01:51:27 artifact wireplumber[1112]: mod.rt: RTKit does not give us MinNiceLevel, using 0
Feb 22 01:51:27 artifact wireplumber[1112]: mod.rt: RTKit error: org.freedesktop.DBus.Error.ServiceUnknown
Feb 22 01:51:27 artifact wireplumber[1112]: mod.rt: RTKit does not give us RTTimeUSecMax, using -1
Feb 22 01:51:27 artifact python[993]: WARNING: This is a development server. Do not use it in a production deployment. Use a production WSGI server instead.
Feb 22 01:51:27 artifact python[993]:  * Running on all addresses (0.0.0.0)
Feb 22 01:51:27 artifact python[993]:  * Running on http://127.0.0.1:8080
Feb 22 01:51:27 artifact python[993]:  * Running on http://127.0.0.1:8080
Feb 22 01:51:27 artifact python[993]: Press CTRL+C to quit
Feb 22 01:51:27 artifact tailscaled[998]: logtail started
Feb 22 01:51:27 artifact tailscaled[998]: Program starting: v1.94.2-t0a29cf18b-g3f044c9f6, Go 1.25.5: []string{"/usr/sbin/tailscaled", "--state=/var/lib/tailscale/tailscaled.state", "--socket=/run/tailscale/tailscaled.sock", "--port=41641"}
Feb 22 01:51:27 artifact tailscaled[998]: LogID: 1b298b96d3f03cffeab11e572dd4f74887105457341c9a3dea7bf719f1b89dc7
Feb 22 01:51:27 artifact tailscaled[998]: logpolicy: using $STATE_DIRECTORY, "/var/lib/tailscale"
Feb 22 01:51:27 artifact tailscaled[998]: RAW-STDERR: ***
Feb 22 01:51:27 artifact tailscaled[998]: RAW-STDERR: *** Lines prefixed with RAW-STDERR below bypassed logtail and probably come from a previous run of the program
Feb 22 01:51:27 artifact tailscaled[998]: RAW-STDERR: ***
Feb 22 01:51:27 artifact tailscaled[998]: RAW-STDERR:
Feb 22 01:51:27 artifact tailscaled[998]: RAW-STDERR: [{"logtail":{"client_time":"2026-02-21T22:49:57.130780276Z","proc_id":2676192936,"proc_seq":1},"text":"logtail started"}
Feb 22 01:51:27 artifact tailscaled[998]: ,{"logtail":{"client_time":"2026-02-21T22:49:57.130971795Z","proc_id":2676192936,"proc_seq":2},"text":"Program starting: v1.94.2-t0a29cf18b-g3f044c9f6, Go 1.25.5: []string{\"/usr/sbin/tailscaled\", \"--state=/var/lib/tailscale/tailscaled.state\", \"--socket=/run/tailscale/tailscaled.sock\", \"--port=41641\"}\n"}
Feb 22 01:51:27 artifact tailscaled[998]: ,{"logtail":{"client_time":"2026-02-21T22:49:57.133285591Z","proc_id":2676192936,"proc_seq":3},"text":"LogID: 1b298b96d3f03cffeab11e572dd4f74887105457341c9a3dea7bf719f1b89dc7\n"}
Feb 22 01:51:27 artifact tailscaled[998]: ,{"logtail":{"client_time":"2026-02-21T22:49:57.13333248Z","proc_id":2676192936,"proc_seq":4},"text":"logpolicy: using $STATE_DIRECTORY, \"/var/lib/tailscale\"\n"}
Feb 22 01:51:27 artifact tailscaled[998]: ,{"logtail":{"client_time":"2026-02-21T22:49:57.140355258Z","proc_id":2676192936,"proc_seq":5},"text":"dns: resolvedIsActuallyResolver error: resolv.conf doesn't point to systemd-resolved; points to [192.168.2.1]\n"}
Feb 22 01:51:27 artifact tailscaled[998]: ,{"logtail":{"client_time":"2026-02-21T22:49:57.140514221Z","proc_id":2676192936,"proc_seq":6},"text":"dns: [rc=nm resolved=not-in-use ret=direct]\n"}
Feb 22 01:51:27 artifact tailscaled[998]: ,{"logtail":{"client_time":"2026-02-21T22:49:57.140564517Z","proc_id":2676192936,"proc_seq":7},"text":"dns: using \"direct\" mode\n"}
Feb 22 01:51:27 artifact tailscaled[998]: ,{"logtail":{"client_time":"2026-02-21T22:49:57.140818202Z","proc_id":2676192936,"proc_seq":8},"text":"dns: using *dns.directManager\n"}
Feb 22 01:51:27 artifact tailscaled[998]: ,{"logtail":{"client_time":"2026-02-21T22:49:57.142150184Z","proc_id":2676192936,"proc_seq":9},"text":"dns: inotify: NewDirWatcher: context canceled\n"}
Feb 22 01:51:27 artifact tailscaled[998]: ,{"logtail":{"client_time":"2026-02-21T22:49:57.338086461Z","proc_id":2676192936,"proc_seq":10},"text":"wgengine.NewUserspaceEngine(tun \"tailscale0\") ...\n"}
Feb 22 01:51:27 artifact tailscaled[998]: ,{"logtail":{"client_time":"2026-02-21T22:49:57.343258721Z","proc_id":2676192936,"proc_seq":11},"v":1,"text":"router: policy routing available; found 3 rules\n"}
Feb 22 01:51:27 artifact tailscaled[998]: ,{"logtail":{"client_time":"2026-02-21T22:49:57.34379348Z","proc_id":2676192936,"proc_seq":12},"v":1,"text":"router: kernel supports IPv6 policy routing (found 2 rules)\n"}
Feb 22 01:51:27 artifact tailscaled[998]: ,{"logtail":{"client_time":"2026-02-21T22:49:57.345506146Z","proc_id":2676192936,"proc_seq":13},"text":"dns: resolvedIsActuallyResolver error: resolv.conf doesn't point to systemd-resolved; points to [192.168.2.1]\n"}
Feb 22 01:51:27 artifact tailscaled[998]: ,{"logtail":{"client_time":"2026-02-21T22:49:57.345617776Z","proc_id":2676192936,"proc_seq":14},"text":"dns: [rc=nm resolved=not-in-use ret=direct]\n"}
Feb 22 01:51:27 artifact tailscaled[998]: ,{"logtail":{"client_time":"2026-02-21T22:49:57.345639295Z","proc_id":2676192936,"proc_seq":15},"text":"dns: using \"direct\" mode\n"}
Feb 22 01:51:27 artifact tailscaled[998]: ,{"logtail":{"client_time":"2026-02-21T22:49:57.35254648Z","proc_id":2676192936,"proc_seq":16},"text":"dns: using *dns.directManager\n"}
Feb 22 01:51:27 artifact tailscaled[998]: ,{"logtail":{"client_time":"2026-02-21T22:49:57.352697091Z","proc_id":2676192936,"proc_seq":17},"text":"link state: interfaces.State{defaultRoute=wlan0 ifs={wlan0:[192.168.2.12/24 192.168.2.150/24 llu6]} v4=true v6=false}\n"}
Feb 22 01:51:27 artifact tailscaled[998]: ,{"logtail":{"client_time":"2026-02-21T22:49:57.353816369Z","proc_id":2676192936,"proc_seq":18},"text":"router: portUpdate(port=41641, network=udp6)\n"}
Feb 22 01:51:27 artifact tailscaled[998]: ,{"logtail":{"client_time":"2026-02-21T22:49:57.353913461Z","proc_id":2676192936,"proc_seq":19},"text":"router: using firewall mode pref \n"}
